gbkli01 <gbkli01.enc <simli.ttf
gbklisl01 <gbkli01.enc <simli.ttf
gbkli02 <gbkli02.enc <simli.ttf
gbklisl02 <gbkli02.enc <simli.ttf
gbkli03 <gbkli03.enc <simli.ttf
gbklisl03 <gbkli03.enc <simli.ttf
gbkli04 <gbkli04.enc <simli.ttf
gbklisl04 <gbkli04.enc <simli.ttf
gbkli05 <gbkli05.enc <simli.ttf
gbklisl05 <gbkli05.enc <simli.ttf
gbkli06 <gbkli06.enc <simli.ttf
gbklisl06 <gbkli06.enc <simli.ttf
gbkli07 <gbkli07.enc <simli.ttf
gbklisl07 <gbkli07.enc <simli.ttf
gbkli08 <gbkli08.enc <simli.ttf
gbklisl08 <gbkli08.enc <simli.ttf
gbkli09 <gbkli09.enc <simli.ttf
gbklisl09 <gbkli09.enc <simli.ttf
gbkli10 <gbkli10.enc <simli.ttf
gbklisl10 <gbkli10.enc <simli.ttf
gbkli11 <gbkli11.enc <simli.ttf
gbklisl11 <gbkli11.enc <simli.ttf
gbkli12 <gbkli12.enc <simli.ttf
gbklisl12 <gbkli12.enc <simli.ttf
gbkli13 <gbkli13.enc <simli.ttf
gbklisl13 <gbkli13.enc <simli.ttf
gbkli14 <gbkli14.enc <simli.ttf
gbklisl14 <gbkli14.enc <simli.ttf
gbkli15 <gbkli15.enc <simli.ttf
gbklisl15 <gbkli15.enc <simli.ttf
gbkli16 <gbkli16.enc <simli.ttf
gbklisl16 <gbkli16.enc <simli.ttf
gbkli17 <gbkli17.enc <simli.ttf
gbklisl17 <gbkli17.enc <simli.ttf
gbkli18 <gbkli18.enc <simli.ttf
gbklisl18 <gbkli18.enc <simli.ttf
gbkli19 <gbkli19.enc <simli.ttf
gbklisl19 <gbkli19.enc <simli.ttf
gbkli20 <gbkli20.enc <simli.ttf
gbklisl20 <gbkli20.enc <simli.ttf
gbkli21 <gbkli21.enc <simli.ttf
gbklisl21 <gbkli21.enc <simli.ttf
gbkli22 <gbkli22.enc <simli.ttf
gbklisl22 <gbkli22.enc <simli.ttf
gbkli23 <gbkli23.enc <simli.ttf
gbklisl23 <gbkli23.enc <simli.ttf
gbkli24 <gbkli24.enc <simli.ttf
gbklisl24 <gbkli24.enc <simli.ttf
gbkli25 <gbkli25.enc <simli.ttf
gbklisl25 <gbkli25.enc <simli.ttf
gbkli26 <gbkli26.enc <simli.ttf
gbklisl26 <gbkli26.enc <simli.ttf
gbkli27 <gbkli27.enc <simli.ttf
gbklisl27 <gbkli27.enc <simli.ttf
gbkli28 <gbkli28.enc <simli.ttf
gbklisl28 <gbkli28.enc <simli.ttf
gbkli29 <gbkli29.enc <simli.ttf
gbklisl29 <gbkli29.enc <simli.ttf
gbkli30 <gbkli30.enc <simli.ttf
gbklisl30 <gbkli30.enc <simli.ttf
gbkli31 <gbkli31.enc <simli.ttf
gbklisl31 <gbkli31.enc <simli.ttf
gbkli32 <gbkli32.enc <simli.ttf
gbklisl32 <gbkli32.enc <simli.ttf
gbkli33 <gbkli33.enc <simli.ttf
gbklisl33 <gbkli33.enc <simli.ttf
gbkli34 <gbkli34.enc <simli.ttf
gbklisl34 <gbkli34.enc <simli.ttf
gbkli35 <gbkli35.enc <simli.ttf
gbklisl35 <gbkli35.enc <simli.ttf
gbkli36 <gbkli36.enc <simli.ttf
gbklisl36 <gbkli36.enc <simli.ttf
gbkli37 <gbkli37.enc <simli.ttf
gbklisl37 <gbkli37.enc <simli.ttf
gbkli38 <gbkli38.enc <simli.ttf
gbklisl38 <gbkli38.enc <simli.ttf
gbkli39 <gbkli39.enc <simli.ttf
gbklisl39 <gbkli39.enc <simli.ttf
gbkli40 <gbkli40.enc <simli.ttf
gbklisl40 <gbkli40.enc <simli.ttf
gbkli41 <gbkli41.enc <simli.ttf
gbklisl41 <gbkli41.enc <simli.ttf
gbkli42 <gbkli42.enc <simli.ttf
gbklisl42 <gbkli42.enc <simli.ttf
gbkli43 <gbkli43.enc <simli.ttf
gbklisl43 <gbkli43.enc <simli.ttf
gbkli44 <gbkli44.enc <simli.ttf
gbklisl44 <gbkli44.enc <simli.ttf
gbkli45 <gbkli45.enc <simli.ttf
gbklisl45 <gbkli45.enc <simli.ttf
gbkli46 <gbkli46.enc <simli.ttf
gbklisl46 <gbkli46.enc <simli.ttf
gbkli47 <gbkli47.enc <simli.ttf
gbklisl47 <gbkli47.enc <simli.ttf
gbkli48 <gbkli48.enc <simli.ttf
gbklisl48 <gbkli48.enc <simli.ttf
gbkli49 <gbkli49.enc <simli.ttf
gbklisl49 <gbkli49.enc <simli.ttf
gbkli50 <gbkli50.enc <simli.ttf
gbklisl50 <gbkli50.enc <simli.ttf
gbkli51 <gbkli51.enc <simli.ttf
gbklisl51 <gbkli51.enc <simli.ttf
gbkli52 <gbkli52.enc <simli.ttf
gbklisl52 <gbkli52.enc <simli.ttf
gbkli53 <gbkli53.enc <simli.ttf
gbklisl53 <gbkli53.enc <simli.ttf
gbkli54 <gbkli54.enc <simli.ttf
gbklisl54 <gbkli54.enc <simli.ttf
gbkli55 <gbkli55.enc <simli.ttf
gbklisl55 <gbkli55.enc <simli.ttf
gbkli56 <gbkli56.enc <simli.ttf
gbklisl56 <gbkli56.enc <simli.ttf
gbkli57 <gbkli57.enc <simli.ttf
gbklisl57 <gbkli57.enc <simli.ttf
gbkli58 <gbkli58.enc <simli.ttf
gbklisl58 <gbkli58.enc <simli.ttf
gbkli59 <gbkli59.enc <simli.ttf
gbklisl59 <gbkli59.enc <simli.ttf
gbkli60 <gbkli60.enc <simli.ttf
gbklisl60 <gbkli60.enc <simli.ttf
gbkli61 <gbkli61.enc <simli.ttf
gbklisl61 <gbkli61.enc <simli.ttf
gbkli62 <gbkli62.enc <simli.ttf
gbklisl62 <gbkli62.enc <simli.ttf
gbkli63 <gbkli63.enc <simli.ttf
gbklisl63 <gbkli63.enc <simli.ttf
gbkli64 <gbkli64.enc <simli.ttf
gbklisl64 <gbkli64.enc <simli.ttf
gbkli65 <gbkli65.enc <simli.ttf
gbklisl65 <gbkli65.enc <simli.ttf
gbkli66 <gbkli66.enc <simli.ttf
gbklisl66 <gbkli66.enc <simli.ttf
gbkli67 <gbkli67.enc <simli.ttf
gbklisl67 <gbkli67.enc <simli.ttf
gbkli68 <gbkli68.enc <simli.ttf
gbklisl68 <gbkli68.enc <simli.ttf
gbkli69 <gbkli69.enc <simli.ttf
gbklisl69 <gbkli69.enc <simli.ttf
gbkli70 <gbkli70.enc <simli.ttf
gbklisl70 <gbkli70.enc <simli.ttf
gbkli71 <gbkli71.enc <simli.ttf
gbklisl71 <gbkli71.enc <simli.ttf
gbkli72 <gbkli72.enc <simli.ttf
gbklisl72 <gbkli72.enc <simli.ttf
gbkli73 <gbkli73.enc <simli.ttf
gbklisl73 <gbkli73.enc <simli.ttf
gbkli74 <gbkli74.enc <simli.ttf
gbklisl74 <gbkli74.enc <simli.ttf
gbkli75 <gbkli75.enc <simli.ttf
gbklisl75 <gbkli75.enc <simli.ttf
gbkli76 <gbkli76.enc <simli.ttf
gbklisl76 <gbkli76.enc <simli.ttf
gbkli77 <gbkli77.enc <simli.ttf
gbklisl77 <gbkli77.enc <simli.ttf
gbkli78 <gbkli78.enc <simli.ttf
gbklisl78 <gbkli78.enc <simli.ttf
gbkli79 <gbkli79.enc <simli.ttf
gbklisl79 <gbkli79.enc <simli.ttf
gbkli80 <gbkli80.enc <simli.ttf
gbklisl80 <gbkli80.enc <simli.ttf
gbkli81 <gbkli81.enc <simli.ttf
gbklisl81 <gbkli81.enc <simli.ttf
gbkli82 <gbkli82.enc <simli.ttf
gbklisl82 <gbkli82.enc <simli.ttf
gbkli83 <gbkli83.enc <simli.ttf
gbklisl83 <gbkli83.enc <simli.ttf
gbkli84 <gbkli84.enc <simli.ttf
gbklisl84 <gbkli84.enc <simli.ttf
gbkli85 <gbkli85.enc <simli.ttf
gbklisl85 <gbkli85.enc <simli.ttf
gbkli86 <gbkli86.enc <simli.ttf
gbklisl86 <gbkli86.enc <simli.ttf
gbkli87 <gbkli87.enc <simli.ttf
gbklisl87 <gbkli87.enc <simli.ttf
gbkli88 <gbkli88.enc <simli.ttf
gbklisl88 <gbkli88.enc <simli.ttf
gbkli89 <gbkli89.enc <simli.ttf
gbklisl89 <gbkli89.enc <simli.ttf
gbkli90 <gbkli90.enc <simli.ttf
gbklisl90 <gbkli90.enc <simli.ttf
gbkli91 <gbkli91.enc <simli.ttf
gbklisl91 <gbkli91.enc <simli.ttf
gbkli92 <gbkli92.enc <simli.ttf
gbklisl92 <gbkli92.enc <simli.ttf
gbkli93 <gbkli93.enc <simli.ttf
gbklisl93 <gbkli93.enc <simli.ttf
gbkli94 <gbkli94.enc <simli.ttf
gbklisl94 <gbkli94.enc <simli.ttf
