gbkkai01 <gbkkai01.enc <simkai.ttf
gbkkaisl01 <gbkkai01.enc <simkai.ttf
gbkkai02 <gbkkai02.enc <simkai.ttf
gbkkaisl02 <gbkkai02.enc <simkai.ttf
gbkkai03 <gbkkai03.enc <simkai.ttf
gbkkaisl03 <gbkkai03.enc <simkai.ttf
gbkkai04 <gbkkai04.enc <simkai.ttf
gbkkaisl04 <gbkkai04.enc <simkai.ttf
gbkkai05 <gbkkai05.enc <simkai.ttf
gbkkaisl05 <gbkkai05.enc <simkai.ttf
gbkkai06 <gbkkai06.enc <simkai.ttf
gbkkaisl06 <gbkkai06.enc <simkai.ttf
gbkkai07 <gbkkai07.enc <simkai.ttf
gbkkaisl07 <gbkkai07.enc <simkai.ttf
gbkkai08 <gbkkai08.enc <simkai.ttf
gbkkaisl08 <gbkkai08.enc <simkai.ttf
gbkkai09 <gbkkai09.enc <simkai.ttf
gbkkaisl09 <gbkkai09.enc <simkai.ttf
gbkkai10 <gbkkai10.enc <simkai.ttf
gbkkaisl10 <gbkkai10.enc <simkai.ttf
gbkkai11 <gbkkai11.enc <simkai.ttf
gbkkaisl11 <gbkkai11.enc <simkai.ttf
gbkkai12 <gbkkai12.enc <simkai.ttf
gbkkaisl12 <gbkkai12.enc <simkai.ttf
gbkkai13 <gbkkai13.enc <simkai.ttf
gbkkaisl13 <gbkkai13.enc <simkai.ttf
gbkkai14 <gbkkai14.enc <simkai.ttf
gbkkaisl14 <gbkkai14.enc <simkai.ttf
gbkkai15 <gbkkai15.enc <simkai.ttf
gbkkaisl15 <gbkkai15.enc <simkai.ttf
gbkkai16 <gbkkai16.enc <simkai.ttf
gbkkaisl16 <gbkkai16.enc <simkai.ttf
gbkkai17 <gbkkai17.enc <simkai.ttf
gbkkaisl17 <gbkkai17.enc <simkai.ttf
gbkkai18 <gbkkai18.enc <simkai.ttf
gbkkaisl18 <gbkkai18.enc <simkai.ttf
gbkkai19 <gbkkai19.enc <simkai.ttf
gbkkaisl19 <gbkkai19.enc <simkai.ttf
gbkkai20 <gbkkai20.enc <simkai.ttf
gbkkaisl20 <gbkkai20.enc <simkai.ttf
gbkkai21 <gbkkai21.enc <simkai.ttf
gbkkaisl21 <gbkkai21.enc <simkai.ttf
gbkkai22 <gbkkai22.enc <simkai.ttf
gbkkaisl22 <gbkkai22.enc <simkai.ttf
gbkkai23 <gbkkai23.enc <simkai.ttf
gbkkaisl23 <gbkkai23.enc <simkai.ttf
gbkkai24 <gbkkai24.enc <simkai.ttf
gbkkaisl24 <gbkkai24.enc <simkai.ttf
gbkkai25 <gbkkai25.enc <simkai.ttf
gbkkaisl25 <gbkkai25.enc <simkai.ttf
gbkkai26 <gbkkai26.enc <simkai.ttf
gbkkaisl26 <gbkkai26.enc <simkai.ttf
gbkkai27 <gbkkai27.enc <simkai.ttf
gbkkaisl27 <gbkkai27.enc <simkai.ttf
gbkkai28 <gbkkai28.enc <simkai.ttf
gbkkaisl28 <gbkkai28.enc <simkai.ttf
gbkkai29 <gbkkai29.enc <simkai.ttf
gbkkaisl29 <gbkkai29.enc <simkai.ttf
gbkkai30 <gbkkai30.enc <simkai.ttf
gbkkaisl30 <gbkkai30.enc <simkai.ttf
gbkkai31 <gbkkai31.enc <simkai.ttf
gbkkaisl31 <gbkkai31.enc <simkai.ttf
gbkkai32 <gbkkai32.enc <simkai.ttf
gbkkaisl32 <gbkkai32.enc <simkai.ttf
gbkkai33 <gbkkai33.enc <simkai.ttf
gbkkaisl33 <gbkkai33.enc <simkai.ttf
gbkkai34 <gbkkai34.enc <simkai.ttf
gbkkaisl34 <gbkkai34.enc <simkai.ttf
gbkkai35 <gbkkai35.enc <simkai.ttf
gbkkaisl35 <gbkkai35.enc <simkai.ttf
gbkkai36 <gbkkai36.enc <simkai.ttf
gbkkaisl36 <gbkkai36.enc <simkai.ttf
gbkkai37 <gbkkai37.enc <simkai.ttf
gbkkaisl37 <gbkkai37.enc <simkai.ttf
gbkkai38 <gbkkai38.enc <simkai.ttf
gbkkaisl38 <gbkkai38.enc <simkai.ttf
gbkkai39 <gbkkai39.enc <simkai.ttf
gbkkaisl39 <gbkkai39.enc <simkai.ttf
gbkkai40 <gbkkai40.enc <simkai.ttf
gbkkaisl40 <gbkkai40.enc <simkai.ttf
gbkkai41 <gbkkai41.enc <simkai.ttf
gbkkaisl41 <gbkkai41.enc <simkai.ttf
gbkkai42 <gbkkai42.enc <simkai.ttf
gbkkaisl42 <gbkkai42.enc <simkai.ttf
gbkkai43 <gbkkai43.enc <simkai.ttf
gbkkaisl43 <gbkkai43.enc <simkai.ttf
gbkkai44 <gbkkai44.enc <simkai.ttf
gbkkaisl44 <gbkkai44.enc <simkai.ttf
gbkkai45 <gbkkai45.enc <simkai.ttf
gbkkaisl45 <gbkkai45.enc <simkai.ttf
gbkkai46 <gbkkai46.enc <simkai.ttf
gbkkaisl46 <gbkkai46.enc <simkai.ttf
gbkkai47 <gbkkai47.enc <simkai.ttf
gbkkaisl47 <gbkkai47.enc <simkai.ttf
gbkkai48 <gbkkai48.enc <simkai.ttf
gbkkaisl48 <gbkkai48.enc <simkai.ttf
gbkkai49 <gbkkai49.enc <simkai.ttf
gbkkaisl49 <gbkkai49.enc <simkai.ttf
gbkkai50 <gbkkai50.enc <simkai.ttf
gbkkaisl50 <gbkkai50.enc <simkai.ttf
gbkkai51 <gbkkai51.enc <simkai.ttf
gbkkaisl51 <gbkkai51.enc <simkai.ttf
gbkkai52 <gbkkai52.enc <simkai.ttf
gbkkaisl52 <gbkkai52.enc <simkai.ttf
gbkkai53 <gbkkai53.enc <simkai.ttf
gbkkaisl53 <gbkkai53.enc <simkai.ttf
gbkkai54 <gbkkai54.enc <simkai.ttf
gbkkaisl54 <gbkkai54.enc <simkai.ttf
gbkkai55 <gbkkai55.enc <simkai.ttf
gbkkaisl55 <gbkkai55.enc <simkai.ttf
gbkkai56 <gbkkai56.enc <simkai.ttf
gbkkaisl56 <gbkkai56.enc <simkai.ttf
gbkkai57 <gbkkai57.enc <simkai.ttf
gbkkaisl57 <gbkkai57.enc <simkai.ttf
gbkkai58 <gbkkai58.enc <simkai.ttf
gbkkaisl58 <gbkkai58.enc <simkai.ttf
gbkkai59 <gbkkai59.enc <simkai.ttf
gbkkaisl59 <gbkkai59.enc <simkai.ttf
gbkkai60 <gbkkai60.enc <simkai.ttf
gbkkaisl60 <gbkkai60.enc <simkai.ttf
gbkkai61 <gbkkai61.enc <simkai.ttf
gbkkaisl61 <gbkkai61.enc <simkai.ttf
gbkkai62 <gbkkai62.enc <simkai.ttf
gbkkaisl62 <gbkkai62.enc <simkai.ttf
gbkkai63 <gbkkai63.enc <simkai.ttf
gbkkaisl63 <gbkkai63.enc <simkai.ttf
gbkkai64 <gbkkai64.enc <simkai.ttf
gbkkaisl64 <gbkkai64.enc <simkai.ttf
gbkkai65 <gbkkai65.enc <simkai.ttf
gbkkaisl65 <gbkkai65.enc <simkai.ttf
gbkkai66 <gbkkai66.enc <simkai.ttf
gbkkaisl66 <gbkkai66.enc <simkai.ttf
gbkkai67 <gbkkai67.enc <simkai.ttf
gbkkaisl67 <gbkkai67.enc <simkai.ttf
gbkkai68 <gbkkai68.enc <simkai.ttf
gbkkaisl68 <gbkkai68.enc <simkai.ttf
gbkkai69 <gbkkai69.enc <simkai.ttf
gbkkaisl69 <gbkkai69.enc <simkai.ttf
gbkkai70 <gbkkai70.enc <simkai.ttf
gbkkaisl70 <gbkkai70.enc <simkai.ttf
gbkkai71 <gbkkai71.enc <simkai.ttf
gbkkaisl71 <gbkkai71.enc <simkai.ttf
gbkkai72 <gbkkai72.enc <simkai.ttf
gbkkaisl72 <gbkkai72.enc <simkai.ttf
gbkkai73 <gbkkai73.enc <simkai.ttf
gbkkaisl73 <gbkkai73.enc <simkai.ttf
gbkkai74 <gbkkai74.enc <simkai.ttf
gbkkaisl74 <gbkkai74.enc <simkai.ttf
gbkkai75 <gbkkai75.enc <simkai.ttf
gbkkaisl75 <gbkkai75.enc <simkai.ttf
gbkkai76 <gbkkai76.enc <simkai.ttf
gbkkaisl76 <gbkkai76.enc <simkai.ttf
gbkkai77 <gbkkai77.enc <simkai.ttf
gbkkaisl77 <gbkkai77.enc <simkai.ttf
gbkkai78 <gbkkai78.enc <simkai.ttf
gbkkaisl78 <gbkkai78.enc <simkai.ttf
gbkkai79 <gbkkai79.enc <simkai.ttf
gbkkaisl79 <gbkkai79.enc <simkai.ttf
gbkkai80 <gbkkai80.enc <simkai.ttf
gbkkaisl80 <gbkkai80.enc <simkai.ttf
gbkkai81 <gbkkai81.enc <simkai.ttf
gbkkaisl81 <gbkkai81.enc <simkai.ttf
gbkkai82 <gbkkai82.enc <simkai.ttf
gbkkaisl82 <gbkkai82.enc <simkai.ttf
gbkkai83 <gbkkai83.enc <simkai.ttf
gbkkaisl83 <gbkkai83.enc <simkai.ttf
gbkkai84 <gbkkai84.enc <simkai.ttf
gbkkaisl84 <gbkkai84.enc <simkai.ttf
gbkkai85 <gbkkai85.enc <simkai.ttf
gbkkaisl85 <gbkkai85.enc <simkai.ttf
gbkkai86 <gbkkai86.enc <simkai.ttf
gbkkaisl86 <gbkkai86.enc <simkai.ttf
gbkkai87 <gbkkai87.enc <simkai.ttf
gbkkaisl87 <gbkkai87.enc <simkai.ttf
gbkkai88 <gbkkai88.enc <simkai.ttf
gbkkaisl88 <gbkkai88.enc <simkai.ttf
gbkkai89 <gbkkai89.enc <simkai.ttf
gbkkaisl89 <gbkkai89.enc <simkai.ttf
gbkkai90 <gbkkai90.enc <simkai.ttf
gbkkaisl90 <gbkkai90.enc <simkai.ttf
gbkkai91 <gbkkai91.enc <simkai.ttf
gbkkaisl91 <gbkkai91.enc <simkai.ttf
gbkkai92 <gbkkai92.enc <simkai.ttf
gbkkaisl92 <gbkkai92.enc <simkai.ttf
gbkkai93 <gbkkai93.enc <simkai.ttf
gbkkaisl93 <gbkkai93.enc <simkai.ttf
gbkkai94 <gbkkai94.enc <simkai.ttf
gbkkaisl94 <gbkkai94.enc <simkai.ttf
