unikai00 < unikai00.enc < simkai.ttf
unikai01 < unikai01.enc < simkai.ttf
unikai02 < unikai02.enc < simkai.ttf
unikai03 < unikai03.enc < simkai.ttf
unikai04 < unikai04.enc < simkai.ttf
unikai20 < unikai20.enc < simkai.ttf
unikai21 < unikai21.enc < simkai.ttf
unikai22 < unikai22.enc < simkai.ttf
unikai23 < unikai23.enc < simkai.ttf
unikai24 < unikai24.enc < simkai.ttf
unikai25 < unikai25.enc < simkai.ttf
unikai26 < unikai26.enc < simkai.ttf
unikai30 < unikai30.enc < simkai.ttf
unikai31 < unikai31.enc < simkai.ttf
unikai32 < unikai32.enc < simkai.ttf
unikai4e < unikai4e.enc < simkai.ttf
unikai4f < unikai4f.enc < simkai.ttf
unikai50 < unikai50.enc < simkai.ttf
unikai51 < unikai51.enc < simkai.ttf
unikai52 < unikai52.enc < simkai.ttf
unikai53 < unikai53.enc < simkai.ttf
unikai54 < unikai54.enc < simkai.ttf
unikai55 < unikai55.enc < simkai.ttf
unikai56 < unikai56.enc < simkai.ttf
unikai57 < unikai57.enc < simkai.ttf
unikai58 < unikai58.enc < simkai.ttf
unikai59 < unikai59.enc < simkai.ttf
unikai5a < unikai5a.enc < simkai.ttf
unikai5b < unikai5b.enc < simkai.ttf
unikai5c < unikai5c.enc < simkai.ttf
unikai5d < unikai5d.enc < simkai.ttf
unikai5e < unikai5e.enc < simkai.ttf
unikai5f < unikai5f.enc < simkai.ttf
unikai60 < unikai60.enc < simkai.ttf
unikai61 < unikai61.enc < simkai.ttf
unikai62 < unikai62.enc < simkai.ttf
unikai63 < unikai63.enc < simkai.ttf
unikai64 < unikai64.enc < simkai.ttf
unikai65 < unikai65.enc < simkai.ttf
unikai66 < unikai66.enc < simkai.ttf
unikai67 < unikai67.enc < simkai.ttf
unikai68 < unikai68.enc < simkai.ttf
unikai69 < unikai69.enc < simkai.ttf
unikai6a < unikai6a.enc < simkai.ttf
unikai6b < unikai6b.enc < simkai.ttf
unikai6c < unikai6c.enc < simkai.ttf
unikai6d < unikai6d.enc < simkai.ttf
unikai6e < unikai6e.enc < simkai.ttf
unikai6f < unikai6f.enc < simkai.ttf
unikai70 < unikai70.enc < simkai.ttf
unikai71 < unikai71.enc < simkai.ttf
unikai72 < unikai72.enc < simkai.ttf
unikai73 < unikai73.enc < simkai.ttf
unikai74 < unikai74.enc < simkai.ttf
unikai75 < unikai75.enc < simkai.ttf
unikai76 < unikai76.enc < simkai.ttf
unikai77 < unikai77.enc < simkai.ttf
unikai78 < unikai78.enc < simkai.ttf
unikai79 < unikai79.enc < simkai.ttf
unikai7a < unikai7a.enc < simkai.ttf
unikai7b < unikai7b.enc < simkai.ttf
unikai7c < unikai7c.enc < simkai.ttf
unikai7d < unikai7d.enc < simkai.ttf
unikai7e < unikai7e.enc < simkai.ttf
unikai7f < unikai7f.enc < simkai.ttf
unikai80 < unikai80.enc < simkai.ttf
unikai81 < unikai81.enc < simkai.ttf
unikai82 < unikai82.enc < simkai.ttf
unikai83 < unikai83.enc < simkai.ttf
unikai84 < unikai84.enc < simkai.ttf
unikai85 < unikai85.enc < simkai.ttf
unikai86 < unikai86.enc < simkai.ttf
unikai87 < unikai87.enc < simkai.ttf
unikai88 < unikai88.enc < simkai.ttf
unikai89 < unikai89.enc < simkai.ttf
unikai8a < unikai8a.enc < simkai.ttf
unikai8b < unikai8b.enc < simkai.ttf
unikai8c < unikai8c.enc < simkai.ttf
unikai8d < unikai8d.enc < simkai.ttf
unikai8e < unikai8e.enc < simkai.ttf
unikai8f < unikai8f.enc < simkai.ttf
unikai90 < unikai90.enc < simkai.ttf
unikai91 < unikai91.enc < simkai.ttf
unikai92 < unikai92.enc < simkai.ttf
unikai93 < unikai93.enc < simkai.ttf
unikai94 < unikai94.enc < simkai.ttf
unikai95 < unikai95.enc < simkai.ttf
unikai96 < unikai96.enc < simkai.ttf
unikai97 < unikai97.enc < simkai.ttf
unikai98 < unikai98.enc < simkai.ttf
unikai99 < unikai99.enc < simkai.ttf
unikai9a < unikai9a.enc < simkai.ttf
unikai9b < unikai9b.enc < simkai.ttf
unikai9c < unikai9c.enc < simkai.ttf
unikai9e < unikai9e.enc < simkai.ttf
unikai9f < unikai9f.enc < simkai.ttf
unikaiff < unikaiff.enc < simkai.ttf
unikaisl00 < unikaisl00.enc < simkai.ttf
unikaisl01 < unikaisl01.enc < simkai.ttf
unikaisl02 < unikaisl02.enc < simkai.ttf
unikaisl03 < unikaisl03.enc < simkai.ttf
unikaisl04 < unikaisl04.enc < simkai.ttf
unikaisl20 < unikaisl20.enc < simkai.ttf
unikaisl21 < unikaisl21.enc < simkai.ttf
unikaisl22 < unikaisl22.enc < simkai.ttf
unikaisl23 < unikaisl23.enc < simkai.ttf
unikaisl24 < unikaisl24.enc < simkai.ttf
unikaisl25 < unikaisl25.enc < simkai.ttf
unikaisl26 < unikaisl26.enc < simkai.ttf
unikaisl30 < unikaisl30.enc < simkai.ttf
unikaisl31 < unikaisl31.enc < simkai.ttf
unikaisl32 < unikaisl32.enc < simkai.ttf
unikaisl4e < unikaisl4e.enc < simkai.ttf
unikaisl4f < unikaisl4f.enc < simkai.ttf
unikaisl50 < unikaisl50.enc < simkai.ttf
unikaisl51 < unikaisl51.enc < simkai.ttf
unikaisl52 < unikaisl52.enc < simkai.ttf
unikaisl53 < unikaisl53.enc < simkai.ttf
unikaisl54 < unikaisl54.enc < simkai.ttf
unikaisl55 < unikaisl55.enc < simkai.ttf
unikaisl56 < unikaisl56.enc < simkai.ttf
unikaisl57 < unikaisl57.enc < simkai.ttf
unikaisl58 < unikaisl58.enc < simkai.ttf
unikaisl59 < unikaisl59.enc < simkai.ttf
unikaisl5a < unikaisl5a.enc < simkai.ttf
unikaisl5b < unikaisl5b.enc < simkai.ttf
unikaisl5c < unikaisl5c.enc < simkai.ttf
unikaisl5d < unikaisl5d.enc < simkai.ttf
unikaisl5e < unikaisl5e.enc < simkai.ttf
unikaisl5f < unikaisl5f.enc < simkai.ttf
unikaisl60 < unikaisl60.enc < simkai.ttf
unikaisl61 < unikaisl61.enc < simkai.ttf
unikaisl62 < unikaisl62.enc < simkai.ttf
unikaisl63 < unikaisl63.enc < simkai.ttf
unikaisl64 < unikaisl64.enc < simkai.ttf
unikaisl65 < unikaisl65.enc < simkai.ttf
unikaisl66 < unikaisl66.enc < simkai.ttf
unikaisl67 < unikaisl67.enc < simkai.ttf
unikaisl68 < unikaisl68.enc < simkai.ttf
unikaisl69 < unikaisl69.enc < simkai.ttf
unikaisl6a < unikaisl6a.enc < simkai.ttf
unikaisl6b < unikaisl6b.enc < simkai.ttf
unikaisl6c < unikaisl6c.enc < simkai.ttf
unikaisl6d < unikaisl6d.enc < simkai.ttf
unikaisl6e < unikaisl6e.enc < simkai.ttf
unikaisl6f < unikaisl6f.enc < simkai.ttf
unikaisl70 < unikaisl70.enc < simkai.ttf
unikaisl71 < unikaisl71.enc < simkai.ttf
unikaisl72 < unikaisl72.enc < simkai.ttf
unikaisl73 < unikaisl73.enc < simkai.ttf
unikaisl74 < unikaisl74.enc < simkai.ttf
unikaisl75 < unikaisl75.enc < simkai.ttf
unikaisl76 < unikaisl76.enc < simkai.ttf
unikaisl77 < unikaisl77.enc < simkai.ttf
unikaisl78 < unikaisl78.enc < simkai.ttf
unikaisl79 < unikaisl79.enc < simkai.ttf
unikaisl7a < unikaisl7a.enc < simkai.ttf
unikaisl7b < unikaisl7b.enc < simkai.ttf
unikaisl7c < unikaisl7c.enc < simkai.ttf
unikaisl7d < unikaisl7d.enc < simkai.ttf
unikaisl7e < unikaisl7e.enc < simkai.ttf
unikaisl7f < unikaisl7f.enc < simkai.ttf
unikaisl80 < unikaisl80.enc < simkai.ttf
unikaisl81 < unikaisl81.enc < simkai.ttf
unikaisl82 < unikaisl82.enc < simkai.ttf
unikaisl83 < unikaisl83.enc < simkai.ttf
unikaisl84 < unikaisl84.enc < simkai.ttf
unikaisl85 < unikaisl85.enc < simkai.ttf
unikaisl86 < unikaisl86.enc < simkai.ttf
unikaisl87 < unikaisl87.enc < simkai.ttf
unikaisl88 < unikaisl88.enc < simkai.ttf
unikaisl89 < unikaisl89.enc < simkai.ttf
unikaisl8a < unikaisl8a.enc < simkai.ttf
unikaisl8b < unikaisl8b.enc < simkai.ttf
unikaisl8c < unikaisl8c.enc < simkai.ttf
unikaisl8d < unikaisl8d.enc < simkai.ttf
unikaisl8e < unikaisl8e.enc < simkai.ttf
unikaisl8f < unikaisl8f.enc < simkai.ttf
unikaisl90 < unikaisl90.enc < simkai.ttf
unikaisl91 < unikaisl91.enc < simkai.ttf
unikaisl92 < unikaisl92.enc < simkai.ttf
unikaisl93 < unikaisl93.enc < simkai.ttf
unikaisl94 < unikaisl94.enc < simkai.ttf
unikaisl95 < unikaisl95.enc < simkai.ttf
unikaisl96 < unikaisl96.enc < simkai.ttf
unikaisl97 < unikaisl97.enc < simkai.ttf
unikaisl98 < unikaisl98.enc < simkai.ttf
unikaisl99 < unikaisl99.enc < simkai.ttf
unikaisl9a < unikaisl9a.enc < simkai.ttf
unikaisl9b < unikaisl9b.enc < simkai.ttf
unikaisl9c < unikaisl9c.enc < simkai.ttf
unikaisl9e < unikaisl9e.enc < simkai.ttf
unikaisl9f < unikaisl9f.enc < simkai.ttf
unikaislff < unikaislff.enc < simkai.ttf
