uniyou00 < uniyou00.enc < simyou.ttf
uniyou01 < uniyou01.enc < simyou.ttf
uniyou02 < uniyou02.enc < simyou.ttf
uniyou03 < uniyou03.enc < simyou.ttf
uniyou04 < uniyou04.enc < simyou.ttf
uniyou20 < uniyou20.enc < simyou.ttf
uniyou21 < uniyou21.enc < simyou.ttf
uniyou22 < uniyou22.enc < simyou.ttf
uniyou23 < uniyou23.enc < simyou.ttf
uniyou24 < uniyou24.enc < simyou.ttf
uniyou25 < uniyou25.enc < simyou.ttf
uniyou26 < uniyou26.enc < simyou.ttf
uniyou30 < uniyou30.enc < simyou.ttf
uniyou31 < uniyou31.enc < simyou.ttf
uniyou32 < uniyou32.enc < simyou.ttf
uniyou33 < uniyou33.enc < simyou.ttf
uniyou4e < uniyou4e.enc < simyou.ttf
uniyou4f < uniyou4f.enc < simyou.ttf
uniyou50 < uniyou50.enc < simyou.ttf
uniyou51 < uniyou51.enc < simyou.ttf
uniyou52 < uniyou52.enc < simyou.ttf
uniyou53 < uniyou53.enc < simyou.ttf
uniyou54 < uniyou54.enc < simyou.ttf
uniyou55 < uniyou55.enc < simyou.ttf
uniyou56 < uniyou56.enc < simyou.ttf
uniyou57 < uniyou57.enc < simyou.ttf
uniyou58 < uniyou58.enc < simyou.ttf
uniyou59 < uniyou59.enc < simyou.ttf
uniyou5a < uniyou5a.enc < simyou.ttf
uniyou5b < uniyou5b.enc < simyou.ttf
uniyou5c < uniyou5c.enc < simyou.ttf
uniyou5d < uniyou5d.enc < simyou.ttf
uniyou5e < uniyou5e.enc < simyou.ttf
uniyou5f < uniyou5f.enc < simyou.ttf
uniyou60 < uniyou60.enc < simyou.ttf
uniyou61 < uniyou61.enc < simyou.ttf
uniyou62 < uniyou62.enc < simyou.ttf
uniyou63 < uniyou63.enc < simyou.ttf
uniyou64 < uniyou64.enc < simyou.ttf
uniyou65 < uniyou65.enc < simyou.ttf
uniyou66 < uniyou66.enc < simyou.ttf
uniyou67 < uniyou67.enc < simyou.ttf
uniyou68 < uniyou68.enc < simyou.ttf
uniyou69 < uniyou69.enc < simyou.ttf
uniyou6a < uniyou6a.enc < simyou.ttf
uniyou6b < uniyou6b.enc < simyou.ttf
uniyou6c < uniyou6c.enc < simyou.ttf
uniyou6d < uniyou6d.enc < simyou.ttf
uniyou6e < uniyou6e.enc < simyou.ttf
uniyou6f < uniyou6f.enc < simyou.ttf
uniyou70 < uniyou70.enc < simyou.ttf
uniyou71 < uniyou71.enc < simyou.ttf
uniyou72 < uniyou72.enc < simyou.ttf
uniyou73 < uniyou73.enc < simyou.ttf
uniyou74 < uniyou74.enc < simyou.ttf
uniyou75 < uniyou75.enc < simyou.ttf
uniyou76 < uniyou76.enc < simyou.ttf
uniyou77 < uniyou77.enc < simyou.ttf
uniyou78 < uniyou78.enc < simyou.ttf
uniyou79 < uniyou79.enc < simyou.ttf
uniyou7a < uniyou7a.enc < simyou.ttf
uniyou7b < uniyou7b.enc < simyou.ttf
uniyou7c < uniyou7c.enc < simyou.ttf
uniyou7d < uniyou7d.enc < simyou.ttf
uniyou7e < uniyou7e.enc < simyou.ttf
uniyou7f < uniyou7f.enc < simyou.ttf
uniyou80 < uniyou80.enc < simyou.ttf
uniyou81 < uniyou81.enc < simyou.ttf
uniyou82 < uniyou82.enc < simyou.ttf
uniyou83 < uniyou83.enc < simyou.ttf
uniyou84 < uniyou84.enc < simyou.ttf
uniyou85 < uniyou85.enc < simyou.ttf
uniyou86 < uniyou86.enc < simyou.ttf
uniyou87 < uniyou87.enc < simyou.ttf
uniyou88 < uniyou88.enc < simyou.ttf
uniyou89 < uniyou89.enc < simyou.ttf
uniyou8a < uniyou8a.enc < simyou.ttf
uniyou8b < uniyou8b.enc < simyou.ttf
uniyou8c < uniyou8c.enc < simyou.ttf
uniyou8d < uniyou8d.enc < simyou.ttf
uniyou8e < uniyou8e.enc < simyou.ttf
uniyou8f < uniyou8f.enc < simyou.ttf
uniyou90 < uniyou90.enc < simyou.ttf
uniyou91 < uniyou91.enc < simyou.ttf
uniyou92 < uniyou92.enc < simyou.ttf
uniyou93 < uniyou93.enc < simyou.ttf
uniyou94 < uniyou94.enc < simyou.ttf
uniyou95 < uniyou95.enc < simyou.ttf
uniyou96 < uniyou96.enc < simyou.ttf
uniyou97 < uniyou97.enc < simyou.ttf
uniyou98 < uniyou98.enc < simyou.ttf
uniyou99 < uniyou99.enc < simyou.ttf
uniyou9a < uniyou9a.enc < simyou.ttf
uniyou9b < uniyou9b.enc < simyou.ttf
uniyou9c < uniyou9c.enc < simyou.ttf
uniyou9d < uniyou9d.enc < simyou.ttf
uniyou9e < uniyou9e.enc < simyou.ttf
uniyou9f < uniyou9f.enc < simyou.ttf
uniyoue7 < uniyoue7.enc < simyou.ttf
uniyoue8 < uniyoue8.enc < simyou.ttf
uniyouf9 < uniyouf9.enc < simyou.ttf
uniyoufa < uniyoufa.enc < simyou.ttf
uniyoufe < uniyoufe.enc < simyou.ttf
uniyouff < uniyouff.enc < simyou.ttf
uniyousl00 < uniyousl00.enc < simyou.ttf
uniyousl01 < uniyousl01.enc < simyou.ttf
uniyousl02 < uniyousl02.enc < simyou.ttf
uniyousl03 < uniyousl03.enc < simyou.ttf
uniyousl04 < uniyousl04.enc < simyou.ttf
uniyousl20 < uniyousl20.enc < simyou.ttf
uniyousl21 < uniyousl21.enc < simyou.ttf
uniyousl22 < uniyousl22.enc < simyou.ttf
uniyousl23 < uniyousl23.enc < simyou.ttf
uniyousl24 < uniyousl24.enc < simyou.ttf
uniyousl25 < uniyousl25.enc < simyou.ttf
uniyousl26 < uniyousl26.enc < simyou.ttf
uniyousl30 < uniyousl30.enc < simyou.ttf
uniyousl31 < uniyousl31.enc < simyou.ttf
uniyousl32 < uniyousl32.enc < simyou.ttf
uniyousl33 < uniyousl33.enc < simyou.ttf
uniyousl4e < uniyousl4e.enc < simyou.ttf
uniyousl4f < uniyousl4f.enc < simyou.ttf
uniyousl50 < uniyousl50.enc < simyou.ttf
uniyousl51 < uniyousl51.enc < simyou.ttf
uniyousl52 < uniyousl52.enc < simyou.ttf
uniyousl53 < uniyousl53.enc < simyou.ttf
uniyousl54 < uniyousl54.enc < simyou.ttf
uniyousl55 < uniyousl55.enc < simyou.ttf
uniyousl56 < uniyousl56.enc < simyou.ttf
uniyousl57 < uniyousl57.enc < simyou.ttf
uniyousl58 < uniyousl58.enc < simyou.ttf
uniyousl59 < uniyousl59.enc < simyou.ttf
uniyousl5a < uniyousl5a.enc < simyou.ttf
uniyousl5b < uniyousl5b.enc < simyou.ttf
uniyousl5c < uniyousl5c.enc < simyou.ttf
uniyousl5d < uniyousl5d.enc < simyou.ttf
uniyousl5e < uniyousl5e.enc < simyou.ttf
uniyousl5f < uniyousl5f.enc < simyou.ttf
uniyousl60 < uniyousl60.enc < simyou.ttf
uniyousl61 < uniyousl61.enc < simyou.ttf
uniyousl62 < uniyousl62.enc < simyou.ttf
uniyousl63 < uniyousl63.enc < simyou.ttf
uniyousl64 < uniyousl64.enc < simyou.ttf
uniyousl65 < uniyousl65.enc < simyou.ttf
uniyousl66 < uniyousl66.enc < simyou.ttf
uniyousl67 < uniyousl67.enc < simyou.ttf
uniyousl68 < uniyousl68.enc < simyou.ttf
uniyousl69 < uniyousl69.enc < simyou.ttf
uniyousl6a < uniyousl6a.enc < simyou.ttf
uniyousl6b < uniyousl6b.enc < simyou.ttf
uniyousl6c < uniyousl6c.enc < simyou.ttf
uniyousl6d < uniyousl6d.enc < simyou.ttf
uniyousl6e < uniyousl6e.enc < simyou.ttf
uniyousl6f < uniyousl6f.enc < simyou.ttf
uniyousl70 < uniyousl70.enc < simyou.ttf
uniyousl71 < uniyousl71.enc < simyou.ttf
uniyousl72 < uniyousl72.enc < simyou.ttf
uniyousl73 < uniyousl73.enc < simyou.ttf
uniyousl74 < uniyousl74.enc < simyou.ttf
uniyousl75 < uniyousl75.enc < simyou.ttf
uniyousl76 < uniyousl76.enc < simyou.ttf
uniyousl77 < uniyousl77.enc < simyou.ttf
uniyousl78 < uniyousl78.enc < simyou.ttf
uniyousl79 < uniyousl79.enc < simyou.ttf
uniyousl7a < uniyousl7a.enc < simyou.ttf
uniyousl7b < uniyousl7b.enc < simyou.ttf
uniyousl7c < uniyousl7c.enc < simyou.ttf
uniyousl7d < uniyousl7d.enc < simyou.ttf
uniyousl7e < uniyousl7e.enc < simyou.ttf
uniyousl7f < uniyousl7f.enc < simyou.ttf
uniyousl80 < uniyousl80.enc < simyou.ttf
uniyousl81 < uniyousl81.enc < simyou.ttf
uniyousl82 < uniyousl82.enc < simyou.ttf
uniyousl83 < uniyousl83.enc < simyou.ttf
uniyousl84 < uniyousl84.enc < simyou.ttf
uniyousl85 < uniyousl85.enc < simyou.ttf
uniyousl86 < uniyousl86.enc < simyou.ttf
uniyousl87 < uniyousl87.enc < simyou.ttf
uniyousl88 < uniyousl88.enc < simyou.ttf
uniyousl89 < uniyousl89.enc < simyou.ttf
uniyousl8a < uniyousl8a.enc < simyou.ttf
uniyousl8b < uniyousl8b.enc < simyou.ttf
uniyousl8c < uniyousl8c.enc < simyou.ttf
uniyousl8d < uniyousl8d.enc < simyou.ttf
uniyousl8e < uniyousl8e.enc < simyou.ttf
uniyousl8f < uniyousl8f.enc < simyou.ttf
uniyousl90 < uniyousl90.enc < simyou.ttf
uniyousl91 < uniyousl91.enc < simyou.ttf
uniyousl92 < uniyousl92.enc < simyou.ttf
uniyousl93 < uniyousl93.enc < simyou.ttf
uniyousl94 < uniyousl94.enc < simyou.ttf
uniyousl95 < uniyousl95.enc < simyou.ttf
uniyousl96 < uniyousl96.enc < simyou.ttf
uniyousl97 < uniyousl97.enc < simyou.ttf
uniyousl98 < uniyousl98.enc < simyou.ttf
uniyousl99 < uniyousl99.enc < simyou.ttf
uniyousl9a < uniyousl9a.enc < simyou.ttf
uniyousl9b < uniyousl9b.enc < simyou.ttf
uniyousl9c < uniyousl9c.enc < simyou.ttf
uniyousl9d < uniyousl9d.enc < simyou.ttf
uniyousl9e < uniyousl9e.enc < simyou.ttf
uniyousl9f < uniyousl9f.enc < simyou.ttf
uniyousle7 < uniyousle7.enc < simyou.ttf
uniyousle8 < uniyousle8.enc < simyou.ttf
uniyouslf9 < uniyouslf9.enc < simyou.ttf
uniyouslfa < uniyouslfa.enc < simyou.ttf
uniyouslfe < uniyouslfe.enc < simyou.ttf
uniyouslff < uniyouslff.enc < simyou.ttf
