gbksong01 <gbksong01.enc <simsun.ttf
gbksongsl01 <gbksong01.enc <simsun.ttf
gbksong02 <gbksong02.enc <simsun.ttf
gbksongsl02 <gbksong02.enc <simsun.ttf
gbksong03 <gbksong03.enc <simsun.ttf
gbksongsl03 <gbksong03.enc <simsun.ttf
gbksong04 <gbksong04.enc <simsun.ttf
gbksongsl04 <gbksong04.enc <simsun.ttf
gbksong05 <gbksong05.enc <simsun.ttf
gbksongsl05 <gbksong05.enc <simsun.ttf
gbksong06 <gbksong06.enc <simsun.ttf
gbksongsl06 <gbksong06.enc <simsun.ttf
gbksong07 <gbksong07.enc <simsun.ttf
gbksongsl07 <gbksong07.enc <simsun.ttf
gbksong08 <gbksong08.enc <simsun.ttf
gbksongsl08 <gbksong08.enc <simsun.ttf
gbksong09 <gbksong09.enc <simsun.ttf
gbksongsl09 <gbksong09.enc <simsun.ttf
gbksong10 <gbksong10.enc <simsun.ttf
gbksongsl10 <gbksong10.enc <simsun.ttf
gbksong11 <gbksong11.enc <simsun.ttf
gbksongsl11 <gbksong11.enc <simsun.ttf
gbksong12 <gbksong12.enc <simsun.ttf
gbksongsl12 <gbksong12.enc <simsun.ttf
gbksong13 <gbksong13.enc <simsun.ttf
gbksongsl13 <gbksong13.enc <simsun.ttf
gbksong14 <gbksong14.enc <simsun.ttf
gbksongsl14 <gbksong14.enc <simsun.ttf
gbksong15 <gbksong15.enc <simsun.ttf
gbksongsl15 <gbksong15.enc <simsun.ttf
gbksong16 <gbksong16.enc <simsun.ttf
gbksongsl16 <gbksong16.enc <simsun.ttf
gbksong17 <gbksong17.enc <simsun.ttf
gbksongsl17 <gbksong17.enc <simsun.ttf
gbksong18 <gbksong18.enc <simsun.ttf
gbksongsl18 <gbksong18.enc <simsun.ttf
gbksong19 <gbksong19.enc <simsun.ttf
gbksongsl19 <gbksong19.enc <simsun.ttf
gbksong20 <gbksong20.enc <simsun.ttf
gbksongsl20 <gbksong20.enc <simsun.ttf
gbksong21 <gbksong21.enc <simsun.ttf
gbksongsl21 <gbksong21.enc <simsun.ttf
gbksong22 <gbksong22.enc <simsun.ttf
gbksongsl22 <gbksong22.enc <simsun.ttf
gbksong23 <gbksong23.enc <simsun.ttf
gbksongsl23 <gbksong23.enc <simsun.ttf
gbksong24 <gbksong24.enc <simsun.ttf
gbksongsl24 <gbksong24.enc <simsun.ttf
gbksong25 <gbksong25.enc <simsun.ttf
gbksongsl25 <gbksong25.enc <simsun.ttf
gbksong26 <gbksong26.enc <simsun.ttf
gbksongsl26 <gbksong26.enc <simsun.ttf
gbksong27 <gbksong27.enc <simsun.ttf
gbksongsl27 <gbksong27.enc <simsun.ttf
gbksong28 <gbksong28.enc <simsun.ttf
gbksongsl28 <gbksong28.enc <simsun.ttf
gbksong29 <gbksong29.enc <simsun.ttf
gbksongsl29 <gbksong29.enc <simsun.ttf
gbksong30 <gbksong30.enc <simsun.ttf
gbksongsl30 <gbksong30.enc <simsun.ttf
gbksong31 <gbksong31.enc <simsun.ttf
gbksongsl31 <gbksong31.enc <simsun.ttf
gbksong32 <gbksong32.enc <simsun.ttf
gbksongsl32 <gbksong32.enc <simsun.ttf
gbksong33 <gbksong33.enc <simsun.ttf
gbksongsl33 <gbksong33.enc <simsun.ttf
gbksong34 <gbksong34.enc <simsun.ttf
gbksongsl34 <gbksong34.enc <simsun.ttf
gbksong35 <gbksong35.enc <simsun.ttf
gbksongsl35 <gbksong35.enc <simsun.ttf
gbksong36 <gbksong36.enc <simsun.ttf
gbksongsl36 <gbksong36.enc <simsun.ttf
gbksong37 <gbksong37.enc <simsun.ttf
gbksongsl37 <gbksong37.enc <simsun.ttf
gbksong38 <gbksong38.enc <simsun.ttf
gbksongsl38 <gbksong38.enc <simsun.ttf
gbksong39 <gbksong39.enc <simsun.ttf
gbksongsl39 <gbksong39.enc <simsun.ttf
gbksong40 <gbksong40.enc <simsun.ttf
gbksongsl40 <gbksong40.enc <simsun.ttf
gbksong41 <gbksong41.enc <simsun.ttf
gbksongsl41 <gbksong41.enc <simsun.ttf
gbksong42 <gbksong42.enc <simsun.ttf
gbksongsl42 <gbksong42.enc <simsun.ttf
gbksong43 <gbksong43.enc <simsun.ttf
gbksongsl43 <gbksong43.enc <simsun.ttf
gbksong44 <gbksong44.enc <simsun.ttf
gbksongsl44 <gbksong44.enc <simsun.ttf
gbksong45 <gbksong45.enc <simsun.ttf
gbksongsl45 <gbksong45.enc <simsun.ttf
gbksong46 <gbksong46.enc <simsun.ttf
gbksongsl46 <gbksong46.enc <simsun.ttf
gbksong47 <gbksong47.enc <simsun.ttf
gbksongsl47 <gbksong47.enc <simsun.ttf
gbksong48 <gbksong48.enc <simsun.ttf
gbksongsl48 <gbksong48.enc <simsun.ttf
gbksong49 <gbksong49.enc <simsun.ttf
gbksongsl49 <gbksong49.enc <simsun.ttf
gbksong50 <gbksong50.enc <simsun.ttf
gbksongsl50 <gbksong50.enc <simsun.ttf
gbksong51 <gbksong51.enc <simsun.ttf
gbksongsl51 <gbksong51.enc <simsun.ttf
gbksong52 <gbksong52.enc <simsun.ttf
gbksongsl52 <gbksong52.enc <simsun.ttf
gbksong53 <gbksong53.enc <simsun.ttf
gbksongsl53 <gbksong53.enc <simsun.ttf
gbksong54 <gbksong54.enc <simsun.ttf
gbksongsl54 <gbksong54.enc <simsun.ttf
gbksong55 <gbksong55.enc <simsun.ttf
gbksongsl55 <gbksong55.enc <simsun.ttf
gbksong56 <gbksong56.enc <simsun.ttf
gbksongsl56 <gbksong56.enc <simsun.ttf
gbksong57 <gbksong57.enc <simsun.ttf
gbksongsl57 <gbksong57.enc <simsun.ttf
gbksong58 <gbksong58.enc <simsun.ttf
gbksongsl58 <gbksong58.enc <simsun.ttf
gbksong59 <gbksong59.enc <simsun.ttf
gbksongsl59 <gbksong59.enc <simsun.ttf
gbksong60 <gbksong60.enc <simsun.ttf
gbksongsl60 <gbksong60.enc <simsun.ttf
gbksong61 <gbksong61.enc <simsun.ttf
gbksongsl61 <gbksong61.enc <simsun.ttf
gbksong62 <gbksong62.enc <simsun.ttf
gbksongsl62 <gbksong62.enc <simsun.ttf
gbksong63 <gbksong63.enc <simsun.ttf
gbksongsl63 <gbksong63.enc <simsun.ttf
gbksong64 <gbksong64.enc <simsun.ttf
gbksongsl64 <gbksong64.enc <simsun.ttf
gbksong65 <gbksong65.enc <simsun.ttf
gbksongsl65 <gbksong65.enc <simsun.ttf
gbksong66 <gbksong66.enc <simsun.ttf
gbksongsl66 <gbksong66.enc <simsun.ttf
gbksong67 <gbksong67.enc <simsun.ttf
gbksongsl67 <gbksong67.enc <simsun.ttf
gbksong68 <gbksong68.enc <simsun.ttf
gbksongsl68 <gbksong68.enc <simsun.ttf
gbksong69 <gbksong69.enc <simsun.ttf
gbksongsl69 <gbksong69.enc <simsun.ttf
gbksong70 <gbksong70.enc <simsun.ttf
gbksongsl70 <gbksong70.enc <simsun.ttf
gbksong71 <gbksong71.enc <simsun.ttf
gbksongsl71 <gbksong71.enc <simsun.ttf
gbksong72 <gbksong72.enc <simsun.ttf
gbksongsl72 <gbksong72.enc <simsun.ttf
gbksong73 <gbksong73.enc <simsun.ttf
gbksongsl73 <gbksong73.enc <simsun.ttf
gbksong74 <gbksong74.enc <simsun.ttf
gbksongsl74 <gbksong74.enc <simsun.ttf
gbksong75 <gbksong75.enc <simsun.ttf
gbksongsl75 <gbksong75.enc <simsun.ttf
gbksong76 <gbksong76.enc <simsun.ttf
gbksongsl76 <gbksong76.enc <simsun.ttf
gbksong77 <gbksong77.enc <simsun.ttf
gbksongsl77 <gbksong77.enc <simsun.ttf
gbksong78 <gbksong78.enc <simsun.ttf
gbksongsl78 <gbksong78.enc <simsun.ttf
gbksong79 <gbksong79.enc <simsun.ttf
gbksongsl79 <gbksong79.enc <simsun.ttf
gbksong80 <gbksong80.enc <simsun.ttf
gbksongsl80 <gbksong80.enc <simsun.ttf
gbksong81 <gbksong81.enc <simsun.ttf
gbksongsl81 <gbksong81.enc <simsun.ttf
gbksong82 <gbksong82.enc <simsun.ttf
gbksongsl82 <gbksong82.enc <simsun.ttf
gbksong83 <gbksong83.enc <simsun.ttf
gbksongsl83 <gbksong83.enc <simsun.ttf
gbksong84 <gbksong84.enc <simsun.ttf
gbksongsl84 <gbksong84.enc <simsun.ttf
gbksong85 <gbksong85.enc <simsun.ttf
gbksongsl85 <gbksong85.enc <simsun.ttf
gbksong86 <gbksong86.enc <simsun.ttf
gbksongsl86 <gbksong86.enc <simsun.ttf
gbksong87 <gbksong87.enc <simsun.ttf
gbksongsl87 <gbksong87.enc <simsun.ttf
gbksong88 <gbksong88.enc <simsun.ttf
gbksongsl88 <gbksong88.enc <simsun.ttf
gbksong89 <gbksong89.enc <simsun.ttf
gbksongsl89 <gbksong89.enc <simsun.ttf
gbksong90 <gbksong90.enc <simsun.ttf
gbksongsl90 <gbksong90.enc <simsun.ttf
gbksong91 <gbksong91.enc <simsun.ttf
gbksongsl91 <gbksong91.enc <simsun.ttf
gbksong92 <gbksong92.enc <simsun.ttf
gbksongsl92 <gbksong92.enc <simsun.ttf
gbksong93 <gbksong93.enc <simsun.ttf
gbksongsl93 <gbksong93.enc <simsun.ttf
gbksong94 <gbksong94.enc <simsun.ttf
gbksongsl94 <gbksong94.enc <simsun.ttf
