unifs00 < unifs00.enc < simfang.ttf
unifs01 < unifs01.enc < simfang.ttf
unifs02 < unifs02.enc < simfang.ttf
unifs03 < unifs03.enc < simfang.ttf
unifs04 < unifs04.enc < simfang.ttf
unifs20 < unifs20.enc < simfang.ttf
unifs21 < unifs21.enc < simfang.ttf
unifs22 < unifs22.enc < simfang.ttf
unifs23 < unifs23.enc < simfang.ttf
unifs24 < unifs24.enc < simfang.ttf
unifs25 < unifs25.enc < simfang.ttf
unifs26 < unifs26.enc < simfang.ttf
unifs30 < unifs30.enc < simfang.ttf
unifs31 < unifs31.enc < simfang.ttf
unifs32 < unifs32.enc < simfang.ttf
unifs4e < unifs4e.enc < simfang.ttf
unifs4f < unifs4f.enc < simfang.ttf
unifs50 < unifs50.enc < simfang.ttf
unifs51 < unifs51.enc < simfang.ttf
unifs52 < unifs52.enc < simfang.ttf
unifs53 < unifs53.enc < simfang.ttf
unifs54 < unifs54.enc < simfang.ttf
unifs55 < unifs55.enc < simfang.ttf
unifs56 < unifs56.enc < simfang.ttf
unifs57 < unifs57.enc < simfang.ttf
unifs58 < unifs58.enc < simfang.ttf
unifs59 < unifs59.enc < simfang.ttf
unifs5a < unifs5a.enc < simfang.ttf
unifs5b < unifs5b.enc < simfang.ttf
unifs5c < unifs5c.enc < simfang.ttf
unifs5d < unifs5d.enc < simfang.ttf
unifs5e < unifs5e.enc < simfang.ttf
unifs5f < unifs5f.enc < simfang.ttf
unifs60 < unifs60.enc < simfang.ttf
unifs61 < unifs61.enc < simfang.ttf
unifs62 < unifs62.enc < simfang.ttf
unifs63 < unifs63.enc < simfang.ttf
unifs64 < unifs64.enc < simfang.ttf
unifs65 < unifs65.enc < simfang.ttf
unifs66 < unifs66.enc < simfang.ttf
unifs67 < unifs67.enc < simfang.ttf
unifs68 < unifs68.enc < simfang.ttf
unifs69 < unifs69.enc < simfang.ttf
unifs6a < unifs6a.enc < simfang.ttf
unifs6b < unifs6b.enc < simfang.ttf
unifs6c < unifs6c.enc < simfang.ttf
unifs6d < unifs6d.enc < simfang.ttf
unifs6e < unifs6e.enc < simfang.ttf
unifs6f < unifs6f.enc < simfang.ttf
unifs70 < unifs70.enc < simfang.ttf
unifs71 < unifs71.enc < simfang.ttf
unifs72 < unifs72.enc < simfang.ttf
unifs73 < unifs73.enc < simfang.ttf
unifs74 < unifs74.enc < simfang.ttf
unifs75 < unifs75.enc < simfang.ttf
unifs76 < unifs76.enc < simfang.ttf
unifs77 < unifs77.enc < simfang.ttf
unifs78 < unifs78.enc < simfang.ttf
unifs79 < unifs79.enc < simfang.ttf
unifs7a < unifs7a.enc < simfang.ttf
unifs7b < unifs7b.enc < simfang.ttf
unifs7c < unifs7c.enc < simfang.ttf
unifs7d < unifs7d.enc < simfang.ttf
unifs7e < unifs7e.enc < simfang.ttf
unifs7f < unifs7f.enc < simfang.ttf
unifs80 < unifs80.enc < simfang.ttf
unifs81 < unifs81.enc < simfang.ttf
unifs82 < unifs82.enc < simfang.ttf
unifs83 < unifs83.enc < simfang.ttf
unifs84 < unifs84.enc < simfang.ttf
unifs85 < unifs85.enc < simfang.ttf
unifs86 < unifs86.enc < simfang.ttf
unifs87 < unifs87.enc < simfang.ttf
unifs88 < unifs88.enc < simfang.ttf
unifs89 < unifs89.enc < simfang.ttf
unifs8a < unifs8a.enc < simfang.ttf
unifs8b < unifs8b.enc < simfang.ttf
unifs8c < unifs8c.enc < simfang.ttf
unifs8d < unifs8d.enc < simfang.ttf
unifs8e < unifs8e.enc < simfang.ttf
unifs8f < unifs8f.enc < simfang.ttf
unifs90 < unifs90.enc < simfang.ttf
unifs91 < unifs91.enc < simfang.ttf
unifs92 < unifs92.enc < simfang.ttf
unifs93 < unifs93.enc < simfang.ttf
unifs94 < unifs94.enc < simfang.ttf
unifs95 < unifs95.enc < simfang.ttf
unifs96 < unifs96.enc < simfang.ttf
unifs97 < unifs97.enc < simfang.ttf
unifs98 < unifs98.enc < simfang.ttf
unifs99 < unifs99.enc < simfang.ttf
unifs9a < unifs9a.enc < simfang.ttf
unifs9b < unifs9b.enc < simfang.ttf
unifs9c < unifs9c.enc < simfang.ttf
unifs9e < unifs9e.enc < simfang.ttf
unifs9f < unifs9f.enc < simfang.ttf
unifsff < unifsff.enc < simfang.ttf
unifssl00 < unifssl00.enc < simfang.ttf
unifssl01 < unifssl01.enc < simfang.ttf
unifssl02 < unifssl02.enc < simfang.ttf
unifssl03 < unifssl03.enc < simfang.ttf
unifssl04 < unifssl04.enc < simfang.ttf
unifssl20 < unifssl20.enc < simfang.ttf
unifssl21 < unifssl21.enc < simfang.ttf
unifssl22 < unifssl22.enc < simfang.ttf
unifssl23 < unifssl23.enc < simfang.ttf
unifssl24 < unifssl24.enc < simfang.ttf
unifssl25 < unifssl25.enc < simfang.ttf
unifssl26 < unifssl26.enc < simfang.ttf
unifssl30 < unifssl30.enc < simfang.ttf
unifssl31 < unifssl31.enc < simfang.ttf
unifssl32 < unifssl32.enc < simfang.ttf
unifssl4e < unifssl4e.enc < simfang.ttf
unifssl4f < unifssl4f.enc < simfang.ttf
unifssl50 < unifssl50.enc < simfang.ttf
unifssl51 < unifssl51.enc < simfang.ttf
unifssl52 < unifssl52.enc < simfang.ttf
unifssl53 < unifssl53.enc < simfang.ttf
unifssl54 < unifssl54.enc < simfang.ttf
unifssl55 < unifssl55.enc < simfang.ttf
unifssl56 < unifssl56.enc < simfang.ttf
unifssl57 < unifssl57.enc < simfang.ttf
unifssl58 < unifssl58.enc < simfang.ttf
unifssl59 < unifssl59.enc < simfang.ttf
unifssl5a < unifssl5a.enc < simfang.ttf
unifssl5b < unifssl5b.enc < simfang.ttf
unifssl5c < unifssl5c.enc < simfang.ttf
unifssl5d < unifssl5d.enc < simfang.ttf
unifssl5e < unifssl5e.enc < simfang.ttf
unifssl5f < unifssl5f.enc < simfang.ttf
unifssl60 < unifssl60.enc < simfang.ttf
unifssl61 < unifssl61.enc < simfang.ttf
unifssl62 < unifssl62.enc < simfang.ttf
unifssl63 < unifssl63.enc < simfang.ttf
unifssl64 < unifssl64.enc < simfang.ttf
unifssl65 < unifssl65.enc < simfang.ttf
unifssl66 < unifssl66.enc < simfang.ttf
unifssl67 < unifssl67.enc < simfang.ttf
unifssl68 < unifssl68.enc < simfang.ttf
unifssl69 < unifssl69.enc < simfang.ttf
unifssl6a < unifssl6a.enc < simfang.ttf
unifssl6b < unifssl6b.enc < simfang.ttf
unifssl6c < unifssl6c.enc < simfang.ttf
unifssl6d < unifssl6d.enc < simfang.ttf
unifssl6e < unifssl6e.enc < simfang.ttf
unifssl6f < unifssl6f.enc < simfang.ttf
unifssl70 < unifssl70.enc < simfang.ttf
unifssl71 < unifssl71.enc < simfang.ttf
unifssl72 < unifssl72.enc < simfang.ttf
unifssl73 < unifssl73.enc < simfang.ttf
unifssl74 < unifssl74.enc < simfang.ttf
unifssl75 < unifssl75.enc < simfang.ttf
unifssl76 < unifssl76.enc < simfang.ttf
unifssl77 < unifssl77.enc < simfang.ttf
unifssl78 < unifssl78.enc < simfang.ttf
unifssl79 < unifssl79.enc < simfang.ttf
unifssl7a < unifssl7a.enc < simfang.ttf
unifssl7b < unifssl7b.enc < simfang.ttf
unifssl7c < unifssl7c.enc < simfang.ttf
unifssl7d < unifssl7d.enc < simfang.ttf
unifssl7e < unifssl7e.enc < simfang.ttf
unifssl7f < unifssl7f.enc < simfang.ttf
unifssl80 < unifssl80.enc < simfang.ttf
unifssl81 < unifssl81.enc < simfang.ttf
unifssl82 < unifssl82.enc < simfang.ttf
unifssl83 < unifssl83.enc < simfang.ttf
unifssl84 < unifssl84.enc < simfang.ttf
unifssl85 < unifssl85.enc < simfang.ttf
unifssl86 < unifssl86.enc < simfang.ttf
unifssl87 < unifssl87.enc < simfang.ttf
unifssl88 < unifssl88.enc < simfang.ttf
unifssl89 < unifssl89.enc < simfang.ttf
unifssl8a < unifssl8a.enc < simfang.ttf
unifssl8b < unifssl8b.enc < simfang.ttf
unifssl8c < unifssl8c.enc < simfang.ttf
unifssl8d < unifssl8d.enc < simfang.ttf
unifssl8e < unifssl8e.enc < simfang.ttf
unifssl8f < unifssl8f.enc < simfang.ttf
unifssl90 < unifssl90.enc < simfang.ttf
unifssl91 < unifssl91.enc < simfang.ttf
unifssl92 < unifssl92.enc < simfang.ttf
unifssl93 < unifssl93.enc < simfang.ttf
unifssl94 < unifssl94.enc < simfang.ttf
unifssl95 < unifssl95.enc < simfang.ttf
unifssl96 < unifssl96.enc < simfang.ttf
unifssl97 < unifssl97.enc < simfang.ttf
unifssl98 < unifssl98.enc < simfang.ttf
unifssl99 < unifssl99.enc < simfang.ttf
unifssl9a < unifssl9a.enc < simfang.ttf
unifssl9b < unifssl9b.enc < simfang.ttf
unifssl9c < unifssl9c.enc < simfang.ttf
unifssl9e < unifssl9e.enc < simfang.ttf
unifssl9f < unifssl9f.enc < simfang.ttf
unifsslff < unifsslff.enc < simfang.ttf
