unisong00 < unisong00.enc < simsun.ttf
unisong01 < unisong01.enc < simsun.ttf
unisong02 < unisong02.enc < simsun.ttf
unisong03 < unisong03.enc < simsun.ttf
unisong04 < unisong04.enc < simsun.ttf
unisong20 < unisong20.enc < simsun.ttf
unisong21 < unisong21.enc < simsun.ttf
unisong22 < unisong22.enc < simsun.ttf
unisong23 < unisong23.enc < simsun.ttf
unisong24 < unisong24.enc < simsun.ttf
unisong25 < unisong25.enc < simsun.ttf
unisong26 < unisong26.enc < simsun.ttf
unisong2e < unisong2e.enc < simsun.ttf
unisong2f < unisong2f.enc < simsun.ttf
unisong30 < unisong30.enc < simsun.ttf
unisong31 < unisong31.enc < simsun.ttf
unisong32 < unisong32.enc < simsun.ttf
unisong33 < unisong33.enc < simsun.ttf
unisong34 < unisong34.enc < simsun.ttf
unisong35 < unisong35.enc < simsun.ttf
unisong36 < unisong36.enc < simsun.ttf
unisong39 < unisong39.enc < simsun.ttf
unisong3a < unisong3a.enc < simsun.ttf
unisong3b < unisong3b.enc < simsun.ttf
unisong3c < unisong3c.enc < simsun.ttf
unisong40 < unisong40.enc < simsun.ttf
unisong41 < unisong41.enc < simsun.ttf
unisong43 < unisong43.enc < simsun.ttf
unisong44 < unisong44.enc < simsun.ttf
unisong46 < unisong46.enc < simsun.ttf
unisong47 < unisong47.enc < simsun.ttf
unisong49 < unisong49.enc < simsun.ttf
unisong4c < unisong4c.enc < simsun.ttf
unisong4d < unisong4d.enc < simsun.ttf
unisong4e < unisong4e.enc < simsun.ttf
unisong4f < unisong4f.enc < simsun.ttf
unisong50 < unisong50.enc < simsun.ttf
unisong51 < unisong51.enc < simsun.ttf
unisong52 < unisong52.enc < simsun.ttf
unisong53 < unisong53.enc < simsun.ttf
unisong54 < unisong54.enc < simsun.ttf
unisong55 < unisong55.enc < simsun.ttf
unisong56 < unisong56.enc < simsun.ttf
unisong57 < unisong57.enc < simsun.ttf
unisong58 < unisong58.enc < simsun.ttf
unisong59 < unisong59.enc < simsun.ttf
unisong5a < unisong5a.enc < simsun.ttf
unisong5b < unisong5b.enc < simsun.ttf
unisong5c < unisong5c.enc < simsun.ttf
unisong5d < unisong5d.enc < simsun.ttf
unisong5e < unisong5e.enc < simsun.ttf
unisong5f < unisong5f.enc < simsun.ttf
unisong60 < unisong60.enc < simsun.ttf
unisong61 < unisong61.enc < simsun.ttf
unisong62 < unisong62.enc < simsun.ttf
unisong63 < unisong63.enc < simsun.ttf
unisong64 < unisong64.enc < simsun.ttf
unisong65 < unisong65.enc < simsun.ttf
unisong66 < unisong66.enc < simsun.ttf
unisong67 < unisong67.enc < simsun.ttf
unisong68 < unisong68.enc < simsun.ttf
unisong69 < unisong69.enc < simsun.ttf
unisong6a < unisong6a.enc < simsun.ttf
unisong6b < unisong6b.enc < simsun.ttf
unisong6c < unisong6c.enc < simsun.ttf
unisong6d < unisong6d.enc < simsun.ttf
unisong6e < unisong6e.enc < simsun.ttf
unisong6f < unisong6f.enc < simsun.ttf
unisong70 < unisong70.enc < simsun.ttf
unisong71 < unisong71.enc < simsun.ttf
unisong72 < unisong72.enc < simsun.ttf
unisong73 < unisong73.enc < simsun.ttf
unisong74 < unisong74.enc < simsun.ttf
unisong75 < unisong75.enc < simsun.ttf
unisong76 < unisong76.enc < simsun.ttf
unisong77 < unisong77.enc < simsun.ttf
unisong78 < unisong78.enc < simsun.ttf
unisong79 < unisong79.enc < simsun.ttf
unisong7a < unisong7a.enc < simsun.ttf
unisong7b < unisong7b.enc < simsun.ttf
unisong7c < unisong7c.enc < simsun.ttf
unisong7d < unisong7d.enc < simsun.ttf
unisong7e < unisong7e.enc < simsun.ttf
unisong7f < unisong7f.enc < simsun.ttf
unisong80 < unisong80.enc < simsun.ttf
unisong81 < unisong81.enc < simsun.ttf
unisong82 < unisong82.enc < simsun.ttf
unisong83 < unisong83.enc < simsun.ttf
unisong84 < unisong84.enc < simsun.ttf
unisong85 < unisong85.enc < simsun.ttf
unisong86 < unisong86.enc < simsun.ttf
unisong87 < unisong87.enc < simsun.ttf
unisong88 < unisong88.enc < simsun.ttf
unisong89 < unisong89.enc < simsun.ttf
unisong8a < unisong8a.enc < simsun.ttf
unisong8b < unisong8b.enc < simsun.ttf
unisong8c < unisong8c.enc < simsun.ttf
unisong8d < unisong8d.enc < simsun.ttf
unisong8e < unisong8e.enc < simsun.ttf
unisong8f < unisong8f.enc < simsun.ttf
unisong90 < unisong90.enc < simsun.ttf
unisong91 < unisong91.enc < simsun.ttf
unisong92 < unisong92.enc < simsun.ttf
unisong93 < unisong93.enc < simsun.ttf
unisong94 < unisong94.enc < simsun.ttf
unisong95 < unisong95.enc < simsun.ttf
unisong96 < unisong96.enc < simsun.ttf
unisong97 < unisong97.enc < simsun.ttf
unisong98 < unisong98.enc < simsun.ttf
unisong99 < unisong99.enc < simsun.ttf
unisong9a < unisong9a.enc < simsun.ttf
unisong9b < unisong9b.enc < simsun.ttf
unisong9c < unisong9c.enc < simsun.ttf
unisong9d < unisong9d.enc < simsun.ttf
unisong9e < unisong9e.enc < simsun.ttf
unisong9f < unisong9f.enc < simsun.ttf
unisongf9 < unisongf9.enc < simsun.ttf
unisongfa < unisongfa.enc < simsun.ttf
unisongfe < unisongfe.enc < simsun.ttf
unisongff < unisongff.enc < simsun.ttf
unisongsl00 < unisongsl00.enc < simsun.ttf
unisongsl01 < unisongsl01.enc < simsun.ttf
unisongsl02 < unisongsl02.enc < simsun.ttf
unisongsl03 < unisongsl03.enc < simsun.ttf
unisongsl04 < unisongsl04.enc < simsun.ttf
unisongsl20 < unisongsl20.enc < simsun.ttf
unisongsl21 < unisongsl21.enc < simsun.ttf
unisongsl22 < unisongsl22.enc < simsun.ttf
unisongsl23 < unisongsl23.enc < simsun.ttf
unisongsl24 < unisongsl24.enc < simsun.ttf
unisongsl25 < unisongsl25.enc < simsun.ttf
unisongsl26 < unisongsl26.enc < simsun.ttf
unisongsl2e < unisongsl2e.enc < simsun.ttf
unisongsl2f < unisongsl2f.enc < simsun.ttf
unisongsl30 < unisongsl30.enc < simsun.ttf
unisongsl31 < unisongsl31.enc < simsun.ttf
unisongsl32 < unisongsl32.enc < simsun.ttf
unisongsl33 < unisongsl33.enc < simsun.ttf
unisongsl34 < unisongsl34.enc < simsun.ttf
unisongsl35 < unisongsl35.enc < simsun.ttf
unisongsl36 < unisongsl36.enc < simsun.ttf
unisongsl39 < unisongsl39.enc < simsun.ttf
unisongsl3a < unisongsl3a.enc < simsun.ttf
unisongsl3b < unisongsl3b.enc < simsun.ttf
unisongsl3c < unisongsl3c.enc < simsun.ttf
unisongsl40 < unisongsl40.enc < simsun.ttf
unisongsl41 < unisongsl41.enc < simsun.ttf
unisongsl43 < unisongsl43.enc < simsun.ttf
unisongsl44 < unisongsl44.enc < simsun.ttf
unisongsl46 < unisongsl46.enc < simsun.ttf
unisongsl47 < unisongsl47.enc < simsun.ttf
unisongsl49 < unisongsl49.enc < simsun.ttf
unisongsl4c < unisongsl4c.enc < simsun.ttf
unisongsl4d < unisongsl4d.enc < simsun.ttf
unisongsl4e < unisongsl4e.enc < simsun.ttf
unisongsl4f < unisongsl4f.enc < simsun.ttf
unisongsl50 < unisongsl50.enc < simsun.ttf
unisongsl51 < unisongsl51.enc < simsun.ttf
unisongsl52 < unisongsl52.enc < simsun.ttf
unisongsl53 < unisongsl53.enc < simsun.ttf
unisongsl54 < unisongsl54.enc < simsun.ttf
unisongsl55 < unisongsl55.enc < simsun.ttf
unisongsl56 < unisongsl56.enc < simsun.ttf
unisongsl57 < unisongsl57.enc < simsun.ttf
unisongsl58 < unisongsl58.enc < simsun.ttf
unisongsl59 < unisongsl59.enc < simsun.ttf
unisongsl5a < unisongsl5a.enc < simsun.ttf
unisongsl5b < unisongsl5b.enc < simsun.ttf
unisongsl5c < unisongsl5c.enc < simsun.ttf
unisongsl5d < unisongsl5d.enc < simsun.ttf
unisongsl5e < unisongsl5e.enc < simsun.ttf
unisongsl5f < unisongsl5f.enc < simsun.ttf
unisongsl60 < unisongsl60.enc < simsun.ttf
unisongsl61 < unisongsl61.enc < simsun.ttf
unisongsl62 < unisongsl62.enc < simsun.ttf
unisongsl63 < unisongsl63.enc < simsun.ttf
unisongsl64 < unisongsl64.enc < simsun.ttf
unisongsl65 < unisongsl65.enc < simsun.ttf
unisongsl66 < unisongsl66.enc < simsun.ttf
unisongsl67 < unisongsl67.enc < simsun.ttf
unisongsl68 < unisongsl68.enc < simsun.ttf
unisongsl69 < unisongsl69.enc < simsun.ttf
unisongsl6a < unisongsl6a.enc < simsun.ttf
unisongsl6b < unisongsl6b.enc < simsun.ttf
unisongsl6c < unisongsl6c.enc < simsun.ttf
unisongsl6d < unisongsl6d.enc < simsun.ttf
unisongsl6e < unisongsl6e.enc < simsun.ttf
unisongsl6f < unisongsl6f.enc < simsun.ttf
unisongsl70 < unisongsl70.enc < simsun.ttf
unisongsl71 < unisongsl71.enc < simsun.ttf
unisongsl72 < unisongsl72.enc < simsun.ttf
unisongsl73 < unisongsl73.enc < simsun.ttf
unisongsl74 < unisongsl74.enc < simsun.ttf
unisongsl75 < unisongsl75.enc < simsun.ttf
unisongsl76 < unisongsl76.enc < simsun.ttf
unisongsl77 < unisongsl77.enc < simsun.ttf
unisongsl78 < unisongsl78.enc < simsun.ttf
unisongsl79 < unisongsl79.enc < simsun.ttf
unisongsl7a < unisongsl7a.enc < simsun.ttf
unisongsl7b < unisongsl7b.enc < simsun.ttf
unisongsl7c < unisongsl7c.enc < simsun.ttf
unisongsl7d < unisongsl7d.enc < simsun.ttf
unisongsl7e < unisongsl7e.enc < simsun.ttf
unisongsl7f < unisongsl7f.enc < simsun.ttf
unisongsl80 < unisongsl80.enc < simsun.ttf
unisongsl81 < unisongsl81.enc < simsun.ttf
unisongsl82 < unisongsl82.enc < simsun.ttf
unisongsl83 < unisongsl83.enc < simsun.ttf
unisongsl84 < unisongsl84.enc < simsun.ttf
unisongsl85 < unisongsl85.enc < simsun.ttf
unisongsl86 < unisongsl86.enc < simsun.ttf
unisongsl87 < unisongsl87.enc < simsun.ttf
unisongsl88 < unisongsl88.enc < simsun.ttf
unisongsl89 < unisongsl89.enc < simsun.ttf
unisongsl8a < unisongsl8a.enc < simsun.ttf
unisongsl8b < unisongsl8b.enc < simsun.ttf
unisongsl8c < unisongsl8c.enc < simsun.ttf
unisongsl8d < unisongsl8d.enc < simsun.ttf
unisongsl8e < unisongsl8e.enc < simsun.ttf
unisongsl8f < unisongsl8f.enc < simsun.ttf
unisongsl90 < unisongsl90.enc < simsun.ttf
unisongsl91 < unisongsl91.enc < simsun.ttf
unisongsl92 < unisongsl92.enc < simsun.ttf
unisongsl93 < unisongsl93.enc < simsun.ttf
unisongsl94 < unisongsl94.enc < simsun.ttf
unisongsl95 < unisongsl95.enc < simsun.ttf
unisongsl96 < unisongsl96.enc < simsun.ttf
unisongsl97 < unisongsl97.enc < simsun.ttf
unisongsl98 < unisongsl98.enc < simsun.ttf
unisongsl99 < unisongsl99.enc < simsun.ttf
unisongsl9a < unisongsl9a.enc < simsun.ttf
unisongsl9b < unisongsl9b.enc < simsun.ttf
unisongsl9c < unisongsl9c.enc < simsun.ttf
unisongsl9d < unisongsl9d.enc < simsun.ttf
unisongsl9e < unisongsl9e.enc < simsun.ttf
unisongsl9f < unisongsl9f.enc < simsun.ttf
unisongslf9 < unisongslf9.enc < simsun.ttf
unisongslfa < unisongslfa.enc < simsun.ttf
unisongslfe < unisongslfe.enc < simsun.ttf
unisongslff < unisongslff.enc < simsun.ttf
