gbkyou01 <gbkyou01.enc <simyou.ttf
gbkyousl01 <gbkyou01.enc <simyou.ttf
gbkyou02 <gbkyou02.enc <simyou.ttf
gbkyousl02 <gbkyou02.enc <simyou.ttf
gbkyou03 <gbkyou03.enc <simyou.ttf
gbkyousl03 <gbkyou03.enc <simyou.ttf
gbkyou04 <gbkyou04.enc <simyou.ttf
gbkyousl04 <gbkyou04.enc <simyou.ttf
gbkyou05 <gbkyou05.enc <simyou.ttf
gbkyousl05 <gbkyou05.enc <simyou.ttf
gbkyou06 <gbkyou06.enc <simyou.ttf
gbkyousl06 <gbkyou06.enc <simyou.ttf
gbkyou07 <gbkyou07.enc <simyou.ttf
gbkyousl07 <gbkyou07.enc <simyou.ttf
gbkyou08 <gbkyou08.enc <simyou.ttf
gbkyousl08 <gbkyou08.enc <simyou.ttf
gbkyou09 <gbkyou09.enc <simyou.ttf
gbkyousl09 <gbkyou09.enc <simyou.ttf
gbkyou10 <gbkyou10.enc <simyou.ttf
gbkyousl10 <gbkyou10.enc <simyou.ttf
gbkyou11 <gbkyou11.enc <simyou.ttf
gbkyousl11 <gbkyou11.enc <simyou.ttf
gbkyou12 <gbkyou12.enc <simyou.ttf
gbkyousl12 <gbkyou12.enc <simyou.ttf
gbkyou13 <gbkyou13.enc <simyou.ttf
gbkyousl13 <gbkyou13.enc <simyou.ttf
gbkyou14 <gbkyou14.enc <simyou.ttf
gbkyousl14 <gbkyou14.enc <simyou.ttf
gbkyou15 <gbkyou15.enc <simyou.ttf
gbkyousl15 <gbkyou15.enc <simyou.ttf
gbkyou16 <gbkyou16.enc <simyou.ttf
gbkyousl16 <gbkyou16.enc <simyou.ttf
gbkyou17 <gbkyou17.enc <simyou.ttf
gbkyousl17 <gbkyou17.enc <simyou.ttf
gbkyou18 <gbkyou18.enc <simyou.ttf
gbkyousl18 <gbkyou18.enc <simyou.ttf
gbkyou19 <gbkyou19.enc <simyou.ttf
gbkyousl19 <gbkyou19.enc <simyou.ttf
gbkyou20 <gbkyou20.enc <simyou.ttf
gbkyousl20 <gbkyou20.enc <simyou.ttf
gbkyou21 <gbkyou21.enc <simyou.ttf
gbkyousl21 <gbkyou21.enc <simyou.ttf
gbkyou22 <gbkyou22.enc <simyou.ttf
gbkyousl22 <gbkyou22.enc <simyou.ttf
gbkyou23 <gbkyou23.enc <simyou.ttf
gbkyousl23 <gbkyou23.enc <simyou.ttf
gbkyou24 <gbkyou24.enc <simyou.ttf
gbkyousl24 <gbkyou24.enc <simyou.ttf
gbkyou25 <gbkyou25.enc <simyou.ttf
gbkyousl25 <gbkyou25.enc <simyou.ttf
gbkyou26 <gbkyou26.enc <simyou.ttf
gbkyousl26 <gbkyou26.enc <simyou.ttf
gbkyou27 <gbkyou27.enc <simyou.ttf
gbkyousl27 <gbkyou27.enc <simyou.ttf
gbkyou28 <gbkyou28.enc <simyou.ttf
gbkyousl28 <gbkyou28.enc <simyou.ttf
gbkyou29 <gbkyou29.enc <simyou.ttf
gbkyousl29 <gbkyou29.enc <simyou.ttf
gbkyou30 <gbkyou30.enc <simyou.ttf
gbkyousl30 <gbkyou30.enc <simyou.ttf
gbkyou31 <gbkyou31.enc <simyou.ttf
gbkyousl31 <gbkyou31.enc <simyou.ttf
gbkyou32 <gbkyou32.enc <simyou.ttf
gbkyousl32 <gbkyou32.enc <simyou.ttf
gbkyou33 <gbkyou33.enc <simyou.ttf
gbkyousl33 <gbkyou33.enc <simyou.ttf
gbkyou34 <gbkyou34.enc <simyou.ttf
gbkyousl34 <gbkyou34.enc <simyou.ttf
gbkyou35 <gbkyou35.enc <simyou.ttf
gbkyousl35 <gbkyou35.enc <simyou.ttf
gbkyou36 <gbkyou36.enc <simyou.ttf
gbkyousl36 <gbkyou36.enc <simyou.ttf
gbkyou37 <gbkyou37.enc <simyou.ttf
gbkyousl37 <gbkyou37.enc <simyou.ttf
gbkyou38 <gbkyou38.enc <simyou.ttf
gbkyousl38 <gbkyou38.enc <simyou.ttf
gbkyou39 <gbkyou39.enc <simyou.ttf
gbkyousl39 <gbkyou39.enc <simyou.ttf
gbkyou40 <gbkyou40.enc <simyou.ttf
gbkyousl40 <gbkyou40.enc <simyou.ttf
gbkyou41 <gbkyou41.enc <simyou.ttf
gbkyousl41 <gbkyou41.enc <simyou.ttf
gbkyou42 <gbkyou42.enc <simyou.ttf
gbkyousl42 <gbkyou42.enc <simyou.ttf
gbkyou43 <gbkyou43.enc <simyou.ttf
gbkyousl43 <gbkyou43.enc <simyou.ttf
gbkyou44 <gbkyou44.enc <simyou.ttf
gbkyousl44 <gbkyou44.enc <simyou.ttf
gbkyou45 <gbkyou45.enc <simyou.ttf
gbkyousl45 <gbkyou45.enc <simyou.ttf
gbkyou46 <gbkyou46.enc <simyou.ttf
gbkyousl46 <gbkyou46.enc <simyou.ttf
gbkyou47 <gbkyou47.enc <simyou.ttf
gbkyousl47 <gbkyou47.enc <simyou.ttf
gbkyou48 <gbkyou48.enc <simyou.ttf
gbkyousl48 <gbkyou48.enc <simyou.ttf
gbkyou49 <gbkyou49.enc <simyou.ttf
gbkyousl49 <gbkyou49.enc <simyou.ttf
gbkyou50 <gbkyou50.enc <simyou.ttf
gbkyousl50 <gbkyou50.enc <simyou.ttf
gbkyou51 <gbkyou51.enc <simyou.ttf
gbkyousl51 <gbkyou51.enc <simyou.ttf
gbkyou52 <gbkyou52.enc <simyou.ttf
gbkyousl52 <gbkyou52.enc <simyou.ttf
gbkyou53 <gbkyou53.enc <simyou.ttf
gbkyousl53 <gbkyou53.enc <simyou.ttf
gbkyou54 <gbkyou54.enc <simyou.ttf
gbkyousl54 <gbkyou54.enc <simyou.ttf
gbkyou55 <gbkyou55.enc <simyou.ttf
gbkyousl55 <gbkyou55.enc <simyou.ttf
gbkyou56 <gbkyou56.enc <simyou.ttf
gbkyousl56 <gbkyou56.enc <simyou.ttf
gbkyou57 <gbkyou57.enc <simyou.ttf
gbkyousl57 <gbkyou57.enc <simyou.ttf
gbkyou58 <gbkyou58.enc <simyou.ttf
gbkyousl58 <gbkyou58.enc <simyou.ttf
gbkyou59 <gbkyou59.enc <simyou.ttf
gbkyousl59 <gbkyou59.enc <simyou.ttf
gbkyou60 <gbkyou60.enc <simyou.ttf
gbkyousl60 <gbkyou60.enc <simyou.ttf
gbkyou61 <gbkyou61.enc <simyou.ttf
gbkyousl61 <gbkyou61.enc <simyou.ttf
gbkyou62 <gbkyou62.enc <simyou.ttf
gbkyousl62 <gbkyou62.enc <simyou.ttf
gbkyou63 <gbkyou63.enc <simyou.ttf
gbkyousl63 <gbkyou63.enc <simyou.ttf
gbkyou64 <gbkyou64.enc <simyou.ttf
gbkyousl64 <gbkyou64.enc <simyou.ttf
gbkyou65 <gbkyou65.enc <simyou.ttf
gbkyousl65 <gbkyou65.enc <simyou.ttf
gbkyou66 <gbkyou66.enc <simyou.ttf
gbkyousl66 <gbkyou66.enc <simyou.ttf
gbkyou67 <gbkyou67.enc <simyou.ttf
gbkyousl67 <gbkyou67.enc <simyou.ttf
gbkyou68 <gbkyou68.enc <simyou.ttf
gbkyousl68 <gbkyou68.enc <simyou.ttf
gbkyou69 <gbkyou69.enc <simyou.ttf
gbkyousl69 <gbkyou69.enc <simyou.ttf
gbkyou70 <gbkyou70.enc <simyou.ttf
gbkyousl70 <gbkyou70.enc <simyou.ttf
gbkyou71 <gbkyou71.enc <simyou.ttf
gbkyousl71 <gbkyou71.enc <simyou.ttf
gbkyou72 <gbkyou72.enc <simyou.ttf
gbkyousl72 <gbkyou72.enc <simyou.ttf
gbkyou73 <gbkyou73.enc <simyou.ttf
gbkyousl73 <gbkyou73.enc <simyou.ttf
gbkyou74 <gbkyou74.enc <simyou.ttf
gbkyousl74 <gbkyou74.enc <simyou.ttf
gbkyou75 <gbkyou75.enc <simyou.ttf
gbkyousl75 <gbkyou75.enc <simyou.ttf
gbkyou76 <gbkyou76.enc <simyou.ttf
gbkyousl76 <gbkyou76.enc <simyou.ttf
gbkyou77 <gbkyou77.enc <simyou.ttf
gbkyousl77 <gbkyou77.enc <simyou.ttf
gbkyou78 <gbkyou78.enc <simyou.ttf
gbkyousl78 <gbkyou78.enc <simyou.ttf
gbkyou79 <gbkyou79.enc <simyou.ttf
gbkyousl79 <gbkyou79.enc <simyou.ttf
gbkyou80 <gbkyou80.enc <simyou.ttf
gbkyousl80 <gbkyou80.enc <simyou.ttf
gbkyou81 <gbkyou81.enc <simyou.ttf
gbkyousl81 <gbkyou81.enc <simyou.ttf
gbkyou82 <gbkyou82.enc <simyou.ttf
gbkyousl82 <gbkyou82.enc <simyou.ttf
gbkyou83 <gbkyou83.enc <simyou.ttf
gbkyousl83 <gbkyou83.enc <simyou.ttf
gbkyou84 <gbkyou84.enc <simyou.ttf
gbkyousl84 <gbkyou84.enc <simyou.ttf
gbkyou85 <gbkyou85.enc <simyou.ttf
gbkyousl85 <gbkyou85.enc <simyou.ttf
gbkyou86 <gbkyou86.enc <simyou.ttf
gbkyousl86 <gbkyou86.enc <simyou.ttf
gbkyou87 <gbkyou87.enc <simyou.ttf
gbkyousl87 <gbkyou87.enc <simyou.ttf
gbkyou88 <gbkyou88.enc <simyou.ttf
gbkyousl88 <gbkyou88.enc <simyou.ttf
gbkyou89 <gbkyou89.enc <simyou.ttf
gbkyousl89 <gbkyou89.enc <simyou.ttf
gbkyou90 <gbkyou90.enc <simyou.ttf
gbkyousl90 <gbkyou90.enc <simyou.ttf
gbkyou91 <gbkyou91.enc <simyou.ttf
gbkyousl91 <gbkyou91.enc <simyou.ttf
gbkyou92 <gbkyou92.enc <simyou.ttf
gbkyousl92 <gbkyou92.enc <simyou.ttf
gbkyou93 <gbkyou93.enc <simyou.ttf
gbkyousl93 <gbkyou93.enc <simyou.ttf
gbkyou94 <gbkyou94.enc <simyou.ttf
gbkyousl94 <gbkyou94.enc <simyou.ttf
