gbkhei01 <gbkhei01.enc <simhei.ttf
gbkheisl01 <gbkhei01.enc <simhei.ttf
gbkhei02 <gbkhei02.enc <simhei.ttf
gbkheisl02 <gbkhei02.enc <simhei.ttf
gbkhei03 <gbkhei03.enc <simhei.ttf
gbkheisl03 <gbkhei03.enc <simhei.ttf
gbkhei04 <gbkhei04.enc <simhei.ttf
gbkheisl04 <gbkhei04.enc <simhei.ttf
gbkhei05 <gbkhei05.enc <simhei.ttf
gbkheisl05 <gbkhei05.enc <simhei.ttf
gbkhei06 <gbkhei06.enc <simhei.ttf
gbkheisl06 <gbkhei06.enc <simhei.ttf
gbkhei07 <gbkhei07.enc <simhei.ttf
gbkheisl07 <gbkhei07.enc <simhei.ttf
gbkhei08 <gbkhei08.enc <simhei.ttf
gbkheisl08 <gbkhei08.enc <simhei.ttf
gbkhei09 <gbkhei09.enc <simhei.ttf
gbkheisl09 <gbkhei09.enc <simhei.ttf
gbkhei10 <gbkhei10.enc <simhei.ttf
gbkheisl10 <gbkhei10.enc <simhei.ttf
gbkhei11 <gbkhei11.enc <simhei.ttf
gbkheisl11 <gbkhei11.enc <simhei.ttf
gbkhei12 <gbkhei12.enc <simhei.ttf
gbkheisl12 <gbkhei12.enc <simhei.ttf
gbkhei13 <gbkhei13.enc <simhei.ttf
gbkheisl13 <gbkhei13.enc <simhei.ttf
gbkhei14 <gbkhei14.enc <simhei.ttf
gbkheisl14 <gbkhei14.enc <simhei.ttf
gbkhei15 <gbkhei15.enc <simhei.ttf
gbkheisl15 <gbkhei15.enc <simhei.ttf
gbkhei16 <gbkhei16.enc <simhei.ttf
gbkheisl16 <gbkhei16.enc <simhei.ttf
gbkhei17 <gbkhei17.enc <simhei.ttf
gbkheisl17 <gbkhei17.enc <simhei.ttf
gbkhei18 <gbkhei18.enc <simhei.ttf
gbkheisl18 <gbkhei18.enc <simhei.ttf
gbkhei19 <gbkhei19.enc <simhei.ttf
gbkheisl19 <gbkhei19.enc <simhei.ttf
gbkhei20 <gbkhei20.enc <simhei.ttf
gbkheisl20 <gbkhei20.enc <simhei.ttf
gbkhei21 <gbkhei21.enc <simhei.ttf
gbkheisl21 <gbkhei21.enc <simhei.ttf
gbkhei22 <gbkhei22.enc <simhei.ttf
gbkheisl22 <gbkhei22.enc <simhei.ttf
gbkhei23 <gbkhei23.enc <simhei.ttf
gbkheisl23 <gbkhei23.enc <simhei.ttf
gbkhei24 <gbkhei24.enc <simhei.ttf
gbkheisl24 <gbkhei24.enc <simhei.ttf
gbkhei25 <gbkhei25.enc <simhei.ttf
gbkheisl25 <gbkhei25.enc <simhei.ttf
gbkhei26 <gbkhei26.enc <simhei.ttf
gbkheisl26 <gbkhei26.enc <simhei.ttf
gbkhei27 <gbkhei27.enc <simhei.ttf
gbkheisl27 <gbkhei27.enc <simhei.ttf
gbkhei28 <gbkhei28.enc <simhei.ttf
gbkheisl28 <gbkhei28.enc <simhei.ttf
gbkhei29 <gbkhei29.enc <simhei.ttf
gbkheisl29 <gbkhei29.enc <simhei.ttf
gbkhei30 <gbkhei30.enc <simhei.ttf
gbkheisl30 <gbkhei30.enc <simhei.ttf
gbkhei31 <gbkhei31.enc <simhei.ttf
gbkheisl31 <gbkhei31.enc <simhei.ttf
gbkhei32 <gbkhei32.enc <simhei.ttf
gbkheisl32 <gbkhei32.enc <simhei.ttf
gbkhei33 <gbkhei33.enc <simhei.ttf
gbkheisl33 <gbkhei33.enc <simhei.ttf
gbkhei34 <gbkhei34.enc <simhei.ttf
gbkheisl34 <gbkhei34.enc <simhei.ttf
gbkhei35 <gbkhei35.enc <simhei.ttf
gbkheisl35 <gbkhei35.enc <simhei.ttf
gbkhei36 <gbkhei36.enc <simhei.ttf
gbkheisl36 <gbkhei36.enc <simhei.ttf
gbkhei37 <gbkhei37.enc <simhei.ttf
gbkheisl37 <gbkhei37.enc <simhei.ttf
gbkhei38 <gbkhei38.enc <simhei.ttf
gbkheisl38 <gbkhei38.enc <simhei.ttf
gbkhei39 <gbkhei39.enc <simhei.ttf
gbkheisl39 <gbkhei39.enc <simhei.ttf
gbkhei40 <gbkhei40.enc <simhei.ttf
gbkheisl40 <gbkhei40.enc <simhei.ttf
gbkhei41 <gbkhei41.enc <simhei.ttf
gbkheisl41 <gbkhei41.enc <simhei.ttf
gbkhei42 <gbkhei42.enc <simhei.ttf
gbkheisl42 <gbkhei42.enc <simhei.ttf
gbkhei43 <gbkhei43.enc <simhei.ttf
gbkheisl43 <gbkhei43.enc <simhei.ttf
gbkhei44 <gbkhei44.enc <simhei.ttf
gbkheisl44 <gbkhei44.enc <simhei.ttf
gbkhei45 <gbkhei45.enc <simhei.ttf
gbkheisl45 <gbkhei45.enc <simhei.ttf
gbkhei46 <gbkhei46.enc <simhei.ttf
gbkheisl46 <gbkhei46.enc <simhei.ttf
gbkhei47 <gbkhei47.enc <simhei.ttf
gbkheisl47 <gbkhei47.enc <simhei.ttf
gbkhei48 <gbkhei48.enc <simhei.ttf
gbkheisl48 <gbkhei48.enc <simhei.ttf
gbkhei49 <gbkhei49.enc <simhei.ttf
gbkheisl49 <gbkhei49.enc <simhei.ttf
gbkhei50 <gbkhei50.enc <simhei.ttf
gbkheisl50 <gbkhei50.enc <simhei.ttf
gbkhei51 <gbkhei51.enc <simhei.ttf
gbkheisl51 <gbkhei51.enc <simhei.ttf
gbkhei52 <gbkhei52.enc <simhei.ttf
gbkheisl52 <gbkhei52.enc <simhei.ttf
gbkhei53 <gbkhei53.enc <simhei.ttf
gbkheisl53 <gbkhei53.enc <simhei.ttf
gbkhei54 <gbkhei54.enc <simhei.ttf
gbkheisl54 <gbkhei54.enc <simhei.ttf
gbkhei55 <gbkhei55.enc <simhei.ttf
gbkheisl55 <gbkhei55.enc <simhei.ttf
gbkhei56 <gbkhei56.enc <simhei.ttf
gbkheisl56 <gbkhei56.enc <simhei.ttf
gbkhei57 <gbkhei57.enc <simhei.ttf
gbkheisl57 <gbkhei57.enc <simhei.ttf
gbkhei58 <gbkhei58.enc <simhei.ttf
gbkheisl58 <gbkhei58.enc <simhei.ttf
gbkhei59 <gbkhei59.enc <simhei.ttf
gbkheisl59 <gbkhei59.enc <simhei.ttf
gbkhei60 <gbkhei60.enc <simhei.ttf
gbkheisl60 <gbkhei60.enc <simhei.ttf
gbkhei61 <gbkhei61.enc <simhei.ttf
gbkheisl61 <gbkhei61.enc <simhei.ttf
gbkhei62 <gbkhei62.enc <simhei.ttf
gbkheisl62 <gbkhei62.enc <simhei.ttf
gbkhei63 <gbkhei63.enc <simhei.ttf
gbkheisl63 <gbkhei63.enc <simhei.ttf
gbkhei64 <gbkhei64.enc <simhei.ttf
gbkheisl64 <gbkhei64.enc <simhei.ttf
gbkhei65 <gbkhei65.enc <simhei.ttf
gbkheisl65 <gbkhei65.enc <simhei.ttf
gbkhei66 <gbkhei66.enc <simhei.ttf
gbkheisl66 <gbkhei66.enc <simhei.ttf
gbkhei67 <gbkhei67.enc <simhei.ttf
gbkheisl67 <gbkhei67.enc <simhei.ttf
gbkhei68 <gbkhei68.enc <simhei.ttf
gbkheisl68 <gbkhei68.enc <simhei.ttf
gbkhei69 <gbkhei69.enc <simhei.ttf
gbkheisl69 <gbkhei69.enc <simhei.ttf
gbkhei70 <gbkhei70.enc <simhei.ttf
gbkheisl70 <gbkhei70.enc <simhei.ttf
gbkhei71 <gbkhei71.enc <simhei.ttf
gbkheisl71 <gbkhei71.enc <simhei.ttf
gbkhei72 <gbkhei72.enc <simhei.ttf
gbkheisl72 <gbkhei72.enc <simhei.ttf
gbkhei73 <gbkhei73.enc <simhei.ttf
gbkheisl73 <gbkhei73.enc <simhei.ttf
gbkhei74 <gbkhei74.enc <simhei.ttf
gbkheisl74 <gbkhei74.enc <simhei.ttf
gbkhei75 <gbkhei75.enc <simhei.ttf
gbkheisl75 <gbkhei75.enc <simhei.ttf
gbkhei76 <gbkhei76.enc <simhei.ttf
gbkheisl76 <gbkhei76.enc <simhei.ttf
gbkhei77 <gbkhei77.enc <simhei.ttf
gbkheisl77 <gbkhei77.enc <simhei.ttf
gbkhei78 <gbkhei78.enc <simhei.ttf
gbkheisl78 <gbkhei78.enc <simhei.ttf
gbkhei79 <gbkhei79.enc <simhei.ttf
gbkheisl79 <gbkhei79.enc <simhei.ttf
gbkhei80 <gbkhei80.enc <simhei.ttf
gbkheisl80 <gbkhei80.enc <simhei.ttf
gbkhei81 <gbkhei81.enc <simhei.ttf
gbkheisl81 <gbkhei81.enc <simhei.ttf
gbkhei82 <gbkhei82.enc <simhei.ttf
gbkheisl82 <gbkhei82.enc <simhei.ttf
gbkhei83 <gbkhei83.enc <simhei.ttf
gbkheisl83 <gbkhei83.enc <simhei.ttf
gbkhei84 <gbkhei84.enc <simhei.ttf
gbkheisl84 <gbkhei84.enc <simhei.ttf
gbkhei85 <gbkhei85.enc <simhei.ttf
gbkheisl85 <gbkhei85.enc <simhei.ttf
gbkhei86 <gbkhei86.enc <simhei.ttf
gbkheisl86 <gbkhei86.enc <simhei.ttf
gbkhei87 <gbkhei87.enc <simhei.ttf
gbkheisl87 <gbkhei87.enc <simhei.ttf
gbkhei88 <gbkhei88.enc <simhei.ttf
gbkheisl88 <gbkhei88.enc <simhei.ttf
gbkhei89 <gbkhei89.enc <simhei.ttf
gbkheisl89 <gbkhei89.enc <simhei.ttf
gbkhei90 <gbkhei90.enc <simhei.ttf
gbkheisl90 <gbkhei90.enc <simhei.ttf
gbkhei91 <gbkhei91.enc <simhei.ttf
gbkheisl91 <gbkhei91.enc <simhei.ttf
gbkhei92 <gbkhei92.enc <simhei.ttf
gbkheisl92 <gbkhei92.enc <simhei.ttf
gbkhei93 <gbkhei93.enc <simhei.ttf
gbkheisl93 <gbkhei93.enc <simhei.ttf
gbkhei94 <gbkhei94.enc <simhei.ttf
gbkheisl94 <gbkhei94.enc <simhei.ttf
