unihei00 < unihei00.enc < simhei.ttf
unihei01 < unihei01.enc < simhei.ttf
unihei02 < unihei02.enc < simhei.ttf
unihei03 < unihei03.enc < simhei.ttf
unihei04 < unihei04.enc < simhei.ttf
unihei20 < unihei20.enc < simhei.ttf
unihei21 < unihei21.enc < simhei.ttf
unihei22 < unihei22.enc < simhei.ttf
unihei23 < unihei23.enc < simhei.ttf
unihei24 < unihei24.enc < simhei.ttf
unihei25 < unihei25.enc < simhei.ttf
unihei26 < unihei26.enc < simhei.ttf
unihei2e < unihei2e.enc < simhei.ttf
unihei2f < unihei2f.enc < simhei.ttf
unihei30 < unihei30.enc < simhei.ttf
unihei31 < unihei31.enc < simhei.ttf
unihei32 < unihei32.enc < simhei.ttf
unihei33 < unihei33.enc < simhei.ttf
unihei34 < unihei34.enc < simhei.ttf
unihei35 < unihei35.enc < simhei.ttf
unihei36 < unihei36.enc < simhei.ttf
unihei39 < unihei39.enc < simhei.ttf
unihei3a < unihei3a.enc < simhei.ttf
unihei3b < unihei3b.enc < simhei.ttf
unihei3c < unihei3c.enc < simhei.ttf
unihei40 < unihei40.enc < simhei.ttf
unihei41 < unihei41.enc < simhei.ttf
unihei43 < unihei43.enc < simhei.ttf
unihei44 < unihei44.enc < simhei.ttf
unihei46 < unihei46.enc < simhei.ttf
unihei47 < unihei47.enc < simhei.ttf
unihei49 < unihei49.enc < simhei.ttf
unihei4c < unihei4c.enc < simhei.ttf
unihei4d < unihei4d.enc < simhei.ttf
unihei4e < unihei4e.enc < simhei.ttf
unihei4f < unihei4f.enc < simhei.ttf
unihei50 < unihei50.enc < simhei.ttf
unihei51 < unihei51.enc < simhei.ttf
unihei52 < unihei52.enc < simhei.ttf
unihei53 < unihei53.enc < simhei.ttf
unihei54 < unihei54.enc < simhei.ttf
unihei55 < unihei55.enc < simhei.ttf
unihei56 < unihei56.enc < simhei.ttf
unihei57 < unihei57.enc < simhei.ttf
unihei58 < unihei58.enc < simhei.ttf
unihei59 < unihei59.enc < simhei.ttf
unihei5a < unihei5a.enc < simhei.ttf
unihei5b < unihei5b.enc < simhei.ttf
unihei5c < unihei5c.enc < simhei.ttf
unihei5d < unihei5d.enc < simhei.ttf
unihei5e < unihei5e.enc < simhei.ttf
unihei5f < unihei5f.enc < simhei.ttf
unihei60 < unihei60.enc < simhei.ttf
unihei61 < unihei61.enc < simhei.ttf
unihei62 < unihei62.enc < simhei.ttf
unihei63 < unihei63.enc < simhei.ttf
unihei64 < unihei64.enc < simhei.ttf
unihei65 < unihei65.enc < simhei.ttf
unihei66 < unihei66.enc < simhei.ttf
unihei67 < unihei67.enc < simhei.ttf
unihei68 < unihei68.enc < simhei.ttf
unihei69 < unihei69.enc < simhei.ttf
unihei6a < unihei6a.enc < simhei.ttf
unihei6b < unihei6b.enc < simhei.ttf
unihei6c < unihei6c.enc < simhei.ttf
unihei6d < unihei6d.enc < simhei.ttf
unihei6e < unihei6e.enc < simhei.ttf
unihei6f < unihei6f.enc < simhei.ttf
unihei70 < unihei70.enc < simhei.ttf
unihei71 < unihei71.enc < simhei.ttf
unihei72 < unihei72.enc < simhei.ttf
unihei73 < unihei73.enc < simhei.ttf
unihei74 < unihei74.enc < simhei.ttf
unihei75 < unihei75.enc < simhei.ttf
unihei76 < unihei76.enc < simhei.ttf
unihei77 < unihei77.enc < simhei.ttf
unihei78 < unihei78.enc < simhei.ttf
unihei79 < unihei79.enc < simhei.ttf
unihei7a < unihei7a.enc < simhei.ttf
unihei7b < unihei7b.enc < simhei.ttf
unihei7c < unihei7c.enc < simhei.ttf
unihei7d < unihei7d.enc < simhei.ttf
unihei7e < unihei7e.enc < simhei.ttf
unihei7f < unihei7f.enc < simhei.ttf
unihei80 < unihei80.enc < simhei.ttf
unihei81 < unihei81.enc < simhei.ttf
unihei82 < unihei82.enc < simhei.ttf
unihei83 < unihei83.enc < simhei.ttf
unihei84 < unihei84.enc < simhei.ttf
unihei85 < unihei85.enc < simhei.ttf
unihei86 < unihei86.enc < simhei.ttf
unihei87 < unihei87.enc < simhei.ttf
unihei88 < unihei88.enc < simhei.ttf
unihei89 < unihei89.enc < simhei.ttf
unihei8a < unihei8a.enc < simhei.ttf
unihei8b < unihei8b.enc < simhei.ttf
unihei8c < unihei8c.enc < simhei.ttf
unihei8d < unihei8d.enc < simhei.ttf
unihei8e < unihei8e.enc < simhei.ttf
unihei8f < unihei8f.enc < simhei.ttf
unihei90 < unihei90.enc < simhei.ttf
unihei91 < unihei91.enc < simhei.ttf
unihei92 < unihei92.enc < simhei.ttf
unihei93 < unihei93.enc < simhei.ttf
unihei94 < unihei94.enc < simhei.ttf
unihei95 < unihei95.enc < simhei.ttf
unihei96 < unihei96.enc < simhei.ttf
unihei97 < unihei97.enc < simhei.ttf
unihei98 < unihei98.enc < simhei.ttf
unihei99 < unihei99.enc < simhei.ttf
unihei9a < unihei9a.enc < simhei.ttf
unihei9b < unihei9b.enc < simhei.ttf
unihei9c < unihei9c.enc < simhei.ttf
unihei9d < unihei9d.enc < simhei.ttf
unihei9e < unihei9e.enc < simhei.ttf
unihei9f < unihei9f.enc < simhei.ttf
uniheie7 < uniheie7.enc < simhei.ttf
uniheie8 < uniheie8.enc < simhei.ttf
uniheif9 < uniheif9.enc < simhei.ttf
uniheifa < uniheifa.enc < simhei.ttf
uniheife < uniheife.enc < simhei.ttf
uniheiff < uniheiff.enc < simhei.ttf
uniheisl00 < uniheisl00.enc < simhei.ttf
uniheisl01 < uniheisl01.enc < simhei.ttf
uniheisl02 < uniheisl02.enc < simhei.ttf
uniheisl03 < uniheisl03.enc < simhei.ttf
uniheisl04 < uniheisl04.enc < simhei.ttf
uniheisl20 < uniheisl20.enc < simhei.ttf
uniheisl21 < uniheisl21.enc < simhei.ttf
uniheisl22 < uniheisl22.enc < simhei.ttf
uniheisl23 < uniheisl23.enc < simhei.ttf
uniheisl24 < uniheisl24.enc < simhei.ttf
uniheisl25 < uniheisl25.enc < simhei.ttf
uniheisl26 < uniheisl26.enc < simhei.ttf
uniheisl2e < uniheisl2e.enc < simhei.ttf
uniheisl2f < uniheisl2f.enc < simhei.ttf
uniheisl30 < uniheisl30.enc < simhei.ttf
uniheisl31 < uniheisl31.enc < simhei.ttf
uniheisl32 < uniheisl32.enc < simhei.ttf
uniheisl33 < uniheisl33.enc < simhei.ttf
uniheisl34 < uniheisl34.enc < simhei.ttf
uniheisl35 < uniheisl35.enc < simhei.ttf
uniheisl36 < uniheisl36.enc < simhei.ttf
uniheisl39 < uniheisl39.enc < simhei.ttf
uniheisl3a < uniheisl3a.enc < simhei.ttf
uniheisl3b < uniheisl3b.enc < simhei.ttf
uniheisl3c < uniheisl3c.enc < simhei.ttf
uniheisl40 < uniheisl40.enc < simhei.ttf
uniheisl41 < uniheisl41.enc < simhei.ttf
uniheisl43 < uniheisl43.enc < simhei.ttf
uniheisl44 < uniheisl44.enc < simhei.ttf
uniheisl46 < uniheisl46.enc < simhei.ttf
uniheisl47 < uniheisl47.enc < simhei.ttf
uniheisl49 < uniheisl49.enc < simhei.ttf
uniheisl4c < uniheisl4c.enc < simhei.ttf
uniheisl4d < uniheisl4d.enc < simhei.ttf
uniheisl4e < uniheisl4e.enc < simhei.ttf
uniheisl4f < uniheisl4f.enc < simhei.ttf
uniheisl50 < uniheisl50.enc < simhei.ttf
uniheisl51 < uniheisl51.enc < simhei.ttf
uniheisl52 < uniheisl52.enc < simhei.ttf
uniheisl53 < uniheisl53.enc < simhei.ttf
uniheisl54 < uniheisl54.enc < simhei.ttf
uniheisl55 < uniheisl55.enc < simhei.ttf
uniheisl56 < uniheisl56.enc < simhei.ttf
uniheisl57 < uniheisl57.enc < simhei.ttf
uniheisl58 < uniheisl58.enc < simhei.ttf
uniheisl59 < uniheisl59.enc < simhei.ttf
uniheisl5a < uniheisl5a.enc < simhei.ttf
uniheisl5b < uniheisl5b.enc < simhei.ttf
uniheisl5c < uniheisl5c.enc < simhei.ttf
uniheisl5d < uniheisl5d.enc < simhei.ttf
uniheisl5e < uniheisl5e.enc < simhei.ttf
uniheisl5f < uniheisl5f.enc < simhei.ttf
uniheisl60 < uniheisl60.enc < simhei.ttf
uniheisl61 < uniheisl61.enc < simhei.ttf
uniheisl62 < uniheisl62.enc < simhei.ttf
uniheisl63 < uniheisl63.enc < simhei.ttf
uniheisl64 < uniheisl64.enc < simhei.ttf
uniheisl65 < uniheisl65.enc < simhei.ttf
uniheisl66 < uniheisl66.enc < simhei.ttf
uniheisl67 < uniheisl67.enc < simhei.ttf
uniheisl68 < uniheisl68.enc < simhei.ttf
uniheisl69 < uniheisl69.enc < simhei.ttf
uniheisl6a < uniheisl6a.enc < simhei.ttf
uniheisl6b < uniheisl6b.enc < simhei.ttf
uniheisl6c < uniheisl6c.enc < simhei.ttf
uniheisl6d < uniheisl6d.enc < simhei.ttf
uniheisl6e < uniheisl6e.enc < simhei.ttf
uniheisl6f < uniheisl6f.enc < simhei.ttf
uniheisl70 < uniheisl70.enc < simhei.ttf
uniheisl71 < uniheisl71.enc < simhei.ttf
uniheisl72 < uniheisl72.enc < simhei.ttf
uniheisl73 < uniheisl73.enc < simhei.ttf
uniheisl74 < uniheisl74.enc < simhei.ttf
uniheisl75 < uniheisl75.enc < simhei.ttf
uniheisl76 < uniheisl76.enc < simhei.ttf
uniheisl77 < uniheisl77.enc < simhei.ttf
uniheisl78 < uniheisl78.enc < simhei.ttf
uniheisl79 < uniheisl79.enc < simhei.ttf
uniheisl7a < uniheisl7a.enc < simhei.ttf
uniheisl7b < uniheisl7b.enc < simhei.ttf
uniheisl7c < uniheisl7c.enc < simhei.ttf
uniheisl7d < uniheisl7d.enc < simhei.ttf
uniheisl7e < uniheisl7e.enc < simhei.ttf
uniheisl7f < uniheisl7f.enc < simhei.ttf
uniheisl80 < uniheisl80.enc < simhei.ttf
uniheisl81 < uniheisl81.enc < simhei.ttf
uniheisl82 < uniheisl82.enc < simhei.ttf
uniheisl83 < uniheisl83.enc < simhei.ttf
uniheisl84 < uniheisl84.enc < simhei.ttf
uniheisl85 < uniheisl85.enc < simhei.ttf
uniheisl86 < uniheisl86.enc < simhei.ttf
uniheisl87 < uniheisl87.enc < simhei.ttf
uniheisl88 < uniheisl88.enc < simhei.ttf
uniheisl89 < uniheisl89.enc < simhei.ttf
uniheisl8a < uniheisl8a.enc < simhei.ttf
uniheisl8b < uniheisl8b.enc < simhei.ttf
uniheisl8c < uniheisl8c.enc < simhei.ttf
uniheisl8d < uniheisl8d.enc < simhei.ttf
uniheisl8e < uniheisl8e.enc < simhei.ttf
uniheisl8f < uniheisl8f.enc < simhei.ttf
uniheisl90 < uniheisl90.enc < simhei.ttf
uniheisl91 < uniheisl91.enc < simhei.ttf
uniheisl92 < uniheisl92.enc < simhei.ttf
uniheisl93 < uniheisl93.enc < simhei.ttf
uniheisl94 < uniheisl94.enc < simhei.ttf
uniheisl95 < uniheisl95.enc < simhei.ttf
uniheisl96 < uniheisl96.enc < simhei.ttf
uniheisl97 < uniheisl97.enc < simhei.ttf
uniheisl98 < uniheisl98.enc < simhei.ttf
uniheisl99 < uniheisl99.enc < simhei.ttf
uniheisl9a < uniheisl9a.enc < simhei.ttf
uniheisl9b < uniheisl9b.enc < simhei.ttf
uniheisl9c < uniheisl9c.enc < simhei.ttf
uniheisl9d < uniheisl9d.enc < simhei.ttf
uniheisl9e < uniheisl9e.enc < simhei.ttf
uniheisl9f < uniheisl9f.enc < simhei.ttf
uniheisle7 < uniheisle7.enc < simhei.ttf
uniheisle8 < uniheisle8.enc < simhei.ttf
uniheislf9 < uniheislf9.enc < simhei.ttf
uniheislfa < uniheislfa.enc < simhei.ttf
uniheislfe < uniheislfe.enc < simhei.ttf
uniheislff < uniheislff.enc < simhei.ttf
