unili00 < unili00.enc < simli.ttf
unili01 < unili01.enc < simli.ttf
unili02 < unili02.enc < simli.ttf
unili03 < unili03.enc < simli.ttf
unili04 < unili04.enc < simli.ttf
unili20 < unili20.enc < simli.ttf
unili21 < unili21.enc < simli.ttf
unili22 < unili22.enc < simli.ttf
unili23 < unili23.enc < simli.ttf
unili24 < unili24.enc < simli.ttf
unili25 < unili25.enc < simli.ttf
unili26 < unili26.enc < simli.ttf
unili30 < unili30.enc < simli.ttf
unili31 < unili31.enc < simli.ttf
unili32 < unili32.enc < simli.ttf
unili33 < unili33.enc < simli.ttf
unili4e < unili4e.enc < simli.ttf
unili4f < unili4f.enc < simli.ttf
unili50 < unili50.enc < simli.ttf
unili51 < unili51.enc < simli.ttf
unili52 < unili52.enc < simli.ttf
unili53 < unili53.enc < simli.ttf
unili54 < unili54.enc < simli.ttf
unili55 < unili55.enc < simli.ttf
unili56 < unili56.enc < simli.ttf
unili57 < unili57.enc < simli.ttf
unili58 < unili58.enc < simli.ttf
unili59 < unili59.enc < simli.ttf
unili5a < unili5a.enc < simli.ttf
unili5b < unili5b.enc < simli.ttf
unili5c < unili5c.enc < simli.ttf
unili5d < unili5d.enc < simli.ttf
unili5e < unili5e.enc < simli.ttf
unili5f < unili5f.enc < simli.ttf
unili60 < unili60.enc < simli.ttf
unili61 < unili61.enc < simli.ttf
unili62 < unili62.enc < simli.ttf
unili63 < unili63.enc < simli.ttf
unili64 < unili64.enc < simli.ttf
unili65 < unili65.enc < simli.ttf
unili66 < unili66.enc < simli.ttf
unili67 < unili67.enc < simli.ttf
unili68 < unili68.enc < simli.ttf
unili69 < unili69.enc < simli.ttf
unili6a < unili6a.enc < simli.ttf
unili6b < unili6b.enc < simli.ttf
unili6c < unili6c.enc < simli.ttf
unili6d < unili6d.enc < simli.ttf
unili6e < unili6e.enc < simli.ttf
unili6f < unili6f.enc < simli.ttf
unili70 < unili70.enc < simli.ttf
unili71 < unili71.enc < simli.ttf
unili72 < unili72.enc < simli.ttf
unili73 < unili73.enc < simli.ttf
unili74 < unili74.enc < simli.ttf
unili75 < unili75.enc < simli.ttf
unili76 < unili76.enc < simli.ttf
unili77 < unili77.enc < simli.ttf
unili78 < unili78.enc < simli.ttf
unili79 < unili79.enc < simli.ttf
unili7a < unili7a.enc < simli.ttf
unili7b < unili7b.enc < simli.ttf
unili7c < unili7c.enc < simli.ttf
unili7d < unili7d.enc < simli.ttf
unili7e < unili7e.enc < simli.ttf
unili7f < unili7f.enc < simli.ttf
unili80 < unili80.enc < simli.ttf
unili81 < unili81.enc < simli.ttf
unili82 < unili82.enc < simli.ttf
unili83 < unili83.enc < simli.ttf
unili84 < unili84.enc < simli.ttf
unili85 < unili85.enc < simli.ttf
unili86 < unili86.enc < simli.ttf
unili87 < unili87.enc < simli.ttf
unili88 < unili88.enc < simli.ttf
unili89 < unili89.enc < simli.ttf
unili8a < unili8a.enc < simli.ttf
unili8b < unili8b.enc < simli.ttf
unili8c < unili8c.enc < simli.ttf
unili8d < unili8d.enc < simli.ttf
unili8e < unili8e.enc < simli.ttf
unili8f < unili8f.enc < simli.ttf
unili90 < unili90.enc < simli.ttf
unili91 < unili91.enc < simli.ttf
unili92 < unili92.enc < simli.ttf
unili93 < unili93.enc < simli.ttf
unili94 < unili94.enc < simli.ttf
unili95 < unili95.enc < simli.ttf
unili96 < unili96.enc < simli.ttf
unili97 < unili97.enc < simli.ttf
unili98 < unili98.enc < simli.ttf
unili99 < unili99.enc < simli.ttf
unili9a < unili9a.enc < simli.ttf
unili9b < unili9b.enc < simli.ttf
unili9c < unili9c.enc < simli.ttf
unili9d < unili9d.enc < simli.ttf
unili9e < unili9e.enc < simli.ttf
unili9f < unili9f.enc < simli.ttf
unilie7 < unilie7.enc < simli.ttf
unilie8 < unilie8.enc < simli.ttf
unilif9 < unilif9.enc < simli.ttf
unilifa < unilifa.enc < simli.ttf
unilife < unilife.enc < simli.ttf
uniliff < uniliff.enc < simli.ttf
unilisl00 < unilisl00.enc < simli.ttf
unilisl01 < unilisl01.enc < simli.ttf
unilisl02 < unilisl02.enc < simli.ttf
unilisl03 < unilisl03.enc < simli.ttf
unilisl04 < unilisl04.enc < simli.ttf
unilisl20 < unilisl20.enc < simli.ttf
unilisl21 < unilisl21.enc < simli.ttf
unilisl22 < unilisl22.enc < simli.ttf
unilisl23 < unilisl23.enc < simli.ttf
unilisl24 < unilisl24.enc < simli.ttf
unilisl25 < unilisl25.enc < simli.ttf
unilisl26 < unilisl26.enc < simli.ttf
unilisl30 < unilisl30.enc < simli.ttf
unilisl31 < unilisl31.enc < simli.ttf
unilisl32 < unilisl32.enc < simli.ttf
unilisl33 < unilisl33.enc < simli.ttf
unilisl4e < unilisl4e.enc < simli.ttf
unilisl4f < unilisl4f.enc < simli.ttf
unilisl50 < unilisl50.enc < simli.ttf
unilisl51 < unilisl51.enc < simli.ttf
unilisl52 < unilisl52.enc < simli.ttf
unilisl53 < unilisl53.enc < simli.ttf
unilisl54 < unilisl54.enc < simli.ttf
unilisl55 < unilisl55.enc < simli.ttf
unilisl56 < unilisl56.enc < simli.ttf
unilisl57 < unilisl57.enc < simli.ttf
unilisl58 < unilisl58.enc < simli.ttf
unilisl59 < unilisl59.enc < simli.ttf
unilisl5a < unilisl5a.enc < simli.ttf
unilisl5b < unilisl5b.enc < simli.ttf
unilisl5c < unilisl5c.enc < simli.ttf
unilisl5d < unilisl5d.enc < simli.ttf
unilisl5e < unilisl5e.enc < simli.ttf
unilisl5f < unilisl5f.enc < simli.ttf
unilisl60 < unilisl60.enc < simli.ttf
unilisl61 < unilisl61.enc < simli.ttf
unilisl62 < unilisl62.enc < simli.ttf
unilisl63 < unilisl63.enc < simli.ttf
unilisl64 < unilisl64.enc < simli.ttf
unilisl65 < unilisl65.enc < simli.ttf
unilisl66 < unilisl66.enc < simli.ttf
unilisl67 < unilisl67.enc < simli.ttf
unilisl68 < unilisl68.enc < simli.ttf
unilisl69 < unilisl69.enc < simli.ttf
unilisl6a < unilisl6a.enc < simli.ttf
unilisl6b < unilisl6b.enc < simli.ttf
unilisl6c < unilisl6c.enc < simli.ttf
unilisl6d < unilisl6d.enc < simli.ttf
unilisl6e < unilisl6e.enc < simli.ttf
unilisl6f < unilisl6f.enc < simli.ttf
unilisl70 < unilisl70.enc < simli.ttf
unilisl71 < unilisl71.enc < simli.ttf
unilisl72 < unilisl72.enc < simli.ttf
unilisl73 < unilisl73.enc < simli.ttf
unilisl74 < unilisl74.enc < simli.ttf
unilisl75 < unilisl75.enc < simli.ttf
unilisl76 < unilisl76.enc < simli.ttf
unilisl77 < unilisl77.enc < simli.ttf
unilisl78 < unilisl78.enc < simli.ttf
unilisl79 < unilisl79.enc < simli.ttf
unilisl7a < unilisl7a.enc < simli.ttf
unilisl7b < unilisl7b.enc < simli.ttf
unilisl7c < unilisl7c.enc < simli.ttf
unilisl7d < unilisl7d.enc < simli.ttf
unilisl7e < unilisl7e.enc < simli.ttf
unilisl7f < unilisl7f.enc < simli.ttf
unilisl80 < unilisl80.enc < simli.ttf
unilisl81 < unilisl81.enc < simli.ttf
unilisl82 < unilisl82.enc < simli.ttf
unilisl83 < unilisl83.enc < simli.ttf
unilisl84 < unilisl84.enc < simli.ttf
unilisl85 < unilisl85.enc < simli.ttf
unilisl86 < unilisl86.enc < simli.ttf
unilisl87 < unilisl87.enc < simli.ttf
unilisl88 < unilisl88.enc < simli.ttf
unilisl89 < unilisl89.enc < simli.ttf
unilisl8a < unilisl8a.enc < simli.ttf
unilisl8b < unilisl8b.enc < simli.ttf
unilisl8c < unilisl8c.enc < simli.ttf
unilisl8d < unilisl8d.enc < simli.ttf
unilisl8e < unilisl8e.enc < simli.ttf
unilisl8f < unilisl8f.enc < simli.ttf
unilisl90 < unilisl90.enc < simli.ttf
unilisl91 < unilisl91.enc < simli.ttf
unilisl92 < unilisl92.enc < simli.ttf
unilisl93 < unilisl93.enc < simli.ttf
unilisl94 < unilisl94.enc < simli.ttf
unilisl95 < unilisl95.enc < simli.ttf
unilisl96 < unilisl96.enc < simli.ttf
unilisl97 < unilisl97.enc < simli.ttf
unilisl98 < unilisl98.enc < simli.ttf
unilisl99 < unilisl99.enc < simli.ttf
unilisl9a < unilisl9a.enc < simli.ttf
unilisl9b < unilisl9b.enc < simli.ttf
unilisl9c < unilisl9c.enc < simli.ttf
unilisl9d < unilisl9d.enc < simli.ttf
unilisl9e < unilisl9e.enc < simli.ttf
unilisl9f < unilisl9f.enc < simli.ttf
unilisle7 < unilisle7.enc < simli.ttf
unilisle8 < unilisle8.enc < simli.ttf
unilislf9 < unilislf9.enc < simli.ttf
unilislfa < unilislfa.enc < simli.ttf
unilislfe < unilislfe.enc < simli.ttf
unilislff < unilislff.enc < simli.ttf
