gbkfs01 <gbkfs01.enc <simfang.ttf
gbkfssl01 <gbkfs01.enc <simfang.ttf
gbkfs02 <gbkfs02.enc <simfang.ttf
gbkfssl02 <gbkfs02.enc <simfang.ttf
gbkfs03 <gbkfs03.enc <simfang.ttf
gbkfssl03 <gbkfs03.enc <simfang.ttf
gbkfs04 <gbkfs04.enc <simfang.ttf
gbkfssl04 <gbkfs04.enc <simfang.ttf
gbkfs05 <gbkfs05.enc <simfang.ttf
gbkfssl05 <gbkfs05.enc <simfang.ttf
gbkfs06 <gbkfs06.enc <simfang.ttf
gbkfssl06 <gbkfs06.enc <simfang.ttf
gbkfs07 <gbkfs07.enc <simfang.ttf
gbkfssl07 <gbkfs07.enc <simfang.ttf
gbkfs08 <gbkfs08.enc <simfang.ttf
gbkfssl08 <gbkfs08.enc <simfang.ttf
gbkfs09 <gbkfs09.enc <simfang.ttf
gbkfssl09 <gbkfs09.enc <simfang.ttf
gbkfs10 <gbkfs10.enc <simfang.ttf
gbkfssl10 <gbkfs10.enc <simfang.ttf
gbkfs11 <gbkfs11.enc <simfang.ttf
gbkfssl11 <gbkfs11.enc <simfang.ttf
gbkfs12 <gbkfs12.enc <simfang.ttf
gbkfssl12 <gbkfs12.enc <simfang.ttf
gbkfs13 <gbkfs13.enc <simfang.ttf
gbkfssl13 <gbkfs13.enc <simfang.ttf
gbkfs14 <gbkfs14.enc <simfang.ttf
gbkfssl14 <gbkfs14.enc <simfang.ttf
gbkfs15 <gbkfs15.enc <simfang.ttf
gbkfssl15 <gbkfs15.enc <simfang.ttf
gbkfs16 <gbkfs16.enc <simfang.ttf
gbkfssl16 <gbkfs16.enc <simfang.ttf
gbkfs17 <gbkfs17.enc <simfang.ttf
gbkfssl17 <gbkfs17.enc <simfang.ttf
gbkfs18 <gbkfs18.enc <simfang.ttf
gbkfssl18 <gbkfs18.enc <simfang.ttf
gbkfs19 <gbkfs19.enc <simfang.ttf
gbkfssl19 <gbkfs19.enc <simfang.ttf
gbkfs20 <gbkfs20.enc <simfang.ttf
gbkfssl20 <gbkfs20.enc <simfang.ttf
gbkfs21 <gbkfs21.enc <simfang.ttf
gbkfssl21 <gbkfs21.enc <simfang.ttf
gbkfs22 <gbkfs22.enc <simfang.ttf
gbkfssl22 <gbkfs22.enc <simfang.ttf
gbkfs23 <gbkfs23.enc <simfang.ttf
gbkfssl23 <gbkfs23.enc <simfang.ttf
gbkfs24 <gbkfs24.enc <simfang.ttf
gbkfssl24 <gbkfs24.enc <simfang.ttf
gbkfs25 <gbkfs25.enc <simfang.ttf
gbkfssl25 <gbkfs25.enc <simfang.ttf
gbkfs26 <gbkfs26.enc <simfang.ttf
gbkfssl26 <gbkfs26.enc <simfang.ttf
gbkfs27 <gbkfs27.enc <simfang.ttf
gbkfssl27 <gbkfs27.enc <simfang.ttf
gbkfs28 <gbkfs28.enc <simfang.ttf
gbkfssl28 <gbkfs28.enc <simfang.ttf
gbkfs29 <gbkfs29.enc <simfang.ttf
gbkfssl29 <gbkfs29.enc <simfang.ttf
gbkfs30 <gbkfs30.enc <simfang.ttf
gbkfssl30 <gbkfs30.enc <simfang.ttf
gbkfs31 <gbkfs31.enc <simfang.ttf
gbkfssl31 <gbkfs31.enc <simfang.ttf
gbkfs32 <gbkfs32.enc <simfang.ttf
gbkfssl32 <gbkfs32.enc <simfang.ttf
gbkfs33 <gbkfs33.enc <simfang.ttf
gbkfssl33 <gbkfs33.enc <simfang.ttf
gbkfs34 <gbkfs34.enc <simfang.ttf
gbkfssl34 <gbkfs34.enc <simfang.ttf
gbkfs35 <gbkfs35.enc <simfang.ttf
gbkfssl35 <gbkfs35.enc <simfang.ttf
gbkfs36 <gbkfs36.enc <simfang.ttf
gbkfssl36 <gbkfs36.enc <simfang.ttf
gbkfs37 <gbkfs37.enc <simfang.ttf
gbkfssl37 <gbkfs37.enc <simfang.ttf
gbkfs38 <gbkfs38.enc <simfang.ttf
gbkfssl38 <gbkfs38.enc <simfang.ttf
gbkfs39 <gbkfs39.enc <simfang.ttf
gbkfssl39 <gbkfs39.enc <simfang.ttf
gbkfs40 <gbkfs40.enc <simfang.ttf
gbkfssl40 <gbkfs40.enc <simfang.ttf
gbkfs41 <gbkfs41.enc <simfang.ttf
gbkfssl41 <gbkfs41.enc <simfang.ttf
gbkfs42 <gbkfs42.enc <simfang.ttf
gbkfssl42 <gbkfs42.enc <simfang.ttf
gbkfs43 <gbkfs43.enc <simfang.ttf
gbkfssl43 <gbkfs43.enc <simfang.ttf
gbkfs44 <gbkfs44.enc <simfang.ttf
gbkfssl44 <gbkfs44.enc <simfang.ttf
gbkfs45 <gbkfs45.enc <simfang.ttf
gbkfssl45 <gbkfs45.enc <simfang.ttf
gbkfs46 <gbkfs46.enc <simfang.ttf
gbkfssl46 <gbkfs46.enc <simfang.ttf
gbkfs47 <gbkfs47.enc <simfang.ttf
gbkfssl47 <gbkfs47.enc <simfang.ttf
gbkfs48 <gbkfs48.enc <simfang.ttf
gbkfssl48 <gbkfs48.enc <simfang.ttf
gbkfs49 <gbkfs49.enc <simfang.ttf
gbkfssl49 <gbkfs49.enc <simfang.ttf
gbkfs50 <gbkfs50.enc <simfang.ttf
gbkfssl50 <gbkfs50.enc <simfang.ttf
gbkfs51 <gbkfs51.enc <simfang.ttf
gbkfssl51 <gbkfs51.enc <simfang.ttf
gbkfs52 <gbkfs52.enc <simfang.ttf
gbkfssl52 <gbkfs52.enc <simfang.ttf
gbkfs53 <gbkfs53.enc <simfang.ttf
gbkfssl53 <gbkfs53.enc <simfang.ttf
gbkfs54 <gbkfs54.enc <simfang.ttf
gbkfssl54 <gbkfs54.enc <simfang.ttf
gbkfs55 <gbkfs55.enc <simfang.ttf
gbkfssl55 <gbkfs55.enc <simfang.ttf
gbkfs56 <gbkfs56.enc <simfang.ttf
gbkfssl56 <gbkfs56.enc <simfang.ttf
gbkfs57 <gbkfs57.enc <simfang.ttf
gbkfssl57 <gbkfs57.enc <simfang.ttf
gbkfs58 <gbkfs58.enc <simfang.ttf
gbkfssl58 <gbkfs58.enc <simfang.ttf
gbkfs59 <gbkfs59.enc <simfang.ttf
gbkfssl59 <gbkfs59.enc <simfang.ttf
gbkfs60 <gbkfs60.enc <simfang.ttf
gbkfssl60 <gbkfs60.enc <simfang.ttf
gbkfs61 <gbkfs61.enc <simfang.ttf
gbkfssl61 <gbkfs61.enc <simfang.ttf
gbkfs62 <gbkfs62.enc <simfang.ttf
gbkfssl62 <gbkfs62.enc <simfang.ttf
gbkfs63 <gbkfs63.enc <simfang.ttf
gbkfssl63 <gbkfs63.enc <simfang.ttf
gbkfs64 <gbkfs64.enc <simfang.ttf
gbkfssl64 <gbkfs64.enc <simfang.ttf
gbkfs65 <gbkfs65.enc <simfang.ttf
gbkfssl65 <gbkfs65.enc <simfang.ttf
gbkfs66 <gbkfs66.enc <simfang.ttf
gbkfssl66 <gbkfs66.enc <simfang.ttf
gbkfs67 <gbkfs67.enc <simfang.ttf
gbkfssl67 <gbkfs67.enc <simfang.ttf
gbkfs68 <gbkfs68.enc <simfang.ttf
gbkfssl68 <gbkfs68.enc <simfang.ttf
gbkfs69 <gbkfs69.enc <simfang.ttf
gbkfssl69 <gbkfs69.enc <simfang.ttf
gbkfs70 <gbkfs70.enc <simfang.ttf
gbkfssl70 <gbkfs70.enc <simfang.ttf
gbkfs71 <gbkfs71.enc <simfang.ttf
gbkfssl71 <gbkfs71.enc <simfang.ttf
gbkfs72 <gbkfs72.enc <simfang.ttf
gbkfssl72 <gbkfs72.enc <simfang.ttf
gbkfs73 <gbkfs73.enc <simfang.ttf
gbkfssl73 <gbkfs73.enc <simfang.ttf
gbkfs74 <gbkfs74.enc <simfang.ttf
gbkfssl74 <gbkfs74.enc <simfang.ttf
gbkfs75 <gbkfs75.enc <simfang.ttf
gbkfssl75 <gbkfs75.enc <simfang.ttf
gbkfs76 <gbkfs76.enc <simfang.ttf
gbkfssl76 <gbkfs76.enc <simfang.ttf
gbkfs77 <gbkfs77.enc <simfang.ttf
gbkfssl77 <gbkfs77.enc <simfang.ttf
gbkfs78 <gbkfs78.enc <simfang.ttf
gbkfssl78 <gbkfs78.enc <simfang.ttf
gbkfs79 <gbkfs79.enc <simfang.ttf
gbkfssl79 <gbkfs79.enc <simfang.ttf
gbkfs80 <gbkfs80.enc <simfang.ttf
gbkfssl80 <gbkfs80.enc <simfang.ttf
gbkfs81 <gbkfs81.enc <simfang.ttf
gbkfssl81 <gbkfs81.enc <simfang.ttf
gbkfs82 <gbkfs82.enc <simfang.ttf
gbkfssl82 <gbkfs82.enc <simfang.ttf
gbkfs83 <gbkfs83.enc <simfang.ttf
gbkfssl83 <gbkfs83.enc <simfang.ttf
gbkfs84 <gbkfs84.enc <simfang.ttf
gbkfssl84 <gbkfs84.enc <simfang.ttf
gbkfs85 <gbkfs85.enc <simfang.ttf
gbkfssl85 <gbkfs85.enc <simfang.ttf
gbkfs86 <gbkfs86.enc <simfang.ttf
gbkfssl86 <gbkfs86.enc <simfang.ttf
gbkfs87 <gbkfs87.enc <simfang.ttf
gbkfssl87 <gbkfs87.enc <simfang.ttf
gbkfs88 <gbkfs88.enc <simfang.ttf
gbkfssl88 <gbkfs88.enc <simfang.ttf
gbkfs89 <gbkfs89.enc <simfang.ttf
gbkfssl89 <gbkfs89.enc <simfang.ttf
gbkfs90 <gbkfs90.enc <simfang.ttf
gbkfssl90 <gbkfs90.enc <simfang.ttf
gbkfs91 <gbkfs91.enc <simfang.ttf
gbkfssl91 <gbkfs91.enc <simfang.ttf
gbkfs92 <gbkfs92.enc <simfang.ttf
gbkfssl92 <gbkfs92.enc <simfang.ttf
gbkfs93 <gbkfs93.enc <simfang.ttf
gbkfssl93 <gbkfs93.enc <simfang.ttf
gbkfs94 <gbkfs94.enc <simfang.ttf
gbkfssl94 <gbkfs94.enc <simfang.ttf
