depend 12many
depend ANUfinalexam
depend AkkTeX
depend Asana-Math
depend ESIEEcv
depend FAQ-en
depend HA-prosper
depend IEEEconf
depend IEEEtran
depend MemoirChapStyles
depend SIstyle
depend SIunits
depend Tabbing
depend Type1fonts
depend a0poster
depend aastex
depend abbr
depend abc
depend abstract
depend abstyles
depend achemso
depend acmconf
depend acmtrans
depend acronym
depend active-conf
depend addlines
depend adrconv
depend adrlist
depend ae
depend aeguill
depend afthesis
depend aguplus
depend aiaa
depend aichej
depend akletter
depend alatex
depend albertus
depend alg
depend algorithm2e
depend algorithmicx
depend algorithms
depend allrunes
depend alnumsec
depend alterqcm
depend altfont
depend ametsoc
depend amsaddr
depend amscls
depend amsfonts
depend amslatex-primer
depend amsldoc-it
depend amsldoc-vn
depend amsmath
depend amsmath-it
depend amsrefs
depend amsthdoc-it
depend animate
depend anonchap
depend answers
depend antiqua
depend antomega
depend antp
depend antt
depend anyfontsize
depend anysize
depend apa
depend apacite
depend apalike
depend apalike2
depend apl
depend appendix
depend ar
depend arabi
depend arabtex
depend arabxetex
depend archaic
depend arcs
depend arev
depend armenian
depend around-the-bend
depend arphic
depend arrayjob
depend arsclassica
depend arydshln
depend asaetr
depend ascelike
depend ascii
depend asciichart
depend assignment
depend astro
depend asyfig
depend asymptote-by-example-zh-cn
depend asymptote-faq-zh-cn
depend asymptote-manual-zh-cn
depend atqolive
depend attachfile
depend augie
depend auncial-new
depend aurical
depend authoraftertitle
depend authorindex
depend auto-pst-pdf
depend autoarea
depend automata
depend autotab
depend avantgar
depend babel
depend babelbib
depend background
depend bangtex
depend barcodes
depend bardiag
depend barr
depend bayer
depend bbcard
depend bbding
depend bbm
depend bbm-macros
depend bbold
depend bclogo
depend beamer
depend beamer-FUBerlin
depend beamer-contrib
depend beamer-tut-pt
depend beamerposter
depend beebe
depend begriff
depend belleek
depend bengali
depend bera
depend betababel
depend beton
depend bez123
depend bezos
depend bgreek
depend bib-fr
depend bibarts
depend bibexport.win32
depend bibhtml
depend bibleref
depend biblist
depend bibtopic
depend bibtopicprefix
depend bibunits
depend bidi
depend bigfoot
depend binomexp
depend biocon
depend bizcard
depend blacklettert1
depend blindtext
depend blockdraw_mp
depend blowup
depend boisik
depend boites
depend boldtensors
depend bookest
depend bookhands
depend booklet
depend bookman
depend booktabs
depend boolexpr
depend bophook
depend borceux
depend bosisio
depend boxhandler
depend bpchem
depend bpolynomial
depend bracketkey
depend braille
depend breakurl
depend brushscr
depend bullcntr
depend burmese
depend bussproofs
depend bytefield
depend c-pascal
depend c90
depend calctab
depend calligra
depend calrsfs
depend calxxxx
depend captcont
depend caption
depend carlisle
depend carolmin-ps
depend casyl
depend catechis
depend cbcoptic
depend cbfonts
depend cc-pl
depend ccaption
depend ccfonts
depend cchess
depend ccicons
depend cclicenses
depend cd
depend cd-cover
depend cdpbundl
depend cell
depend cellspace
depend censor
depend changebar
depend changelayout
depend changepage
depend changes
depend chappg
depend chapterfolder
depend charter
depend chem-journal
depend chemarrow
depend chembst
depend chemcompounds
depend chemcono
depend chemstyle
depend cherokee
depend chess
depend chess-problem-diagrams
depend chessboard
depend chessfss
depend chicago
depend chicago-annote
depend chletter
depend chngcntr
depend circ
depend circuitikz
depend cite
depend citeref
depend cjhebrew
depend cjk
depend cjkpunct
depend cjw
depend clarendo
depend classicthesis
depend clefval
depend cleveref
depend clock
depend clrscode
depend cm
depend cm-lgc
depend cm-super
depend cmap
depend cmarrows
depend cmbright
depend cmcyr
depend cmcyralt
depend cmdstring
depend cmdtrack
depend cmextra
depend cmll
depend cmpica
depend cmsd
depend cns
depend codedoc
depend codepage
depend collection-basic
depend collection-bibtexextra
depend collection-binextra
depend collection-context
depend collection-documentation-arabic
depend collection-documentation-base
depend collection-documentation-bulgarian
depend collection-documentation-chinese
depend collection-documentation-czechslovak
depend collection-documentation-dutch
depend collection-documentation-english
depend collection-documentation-finnish
depend collection-documentation-french
depend collection-documentation-german
depend collection-documentation-italian
depend collection-documentation-japanese
depend collection-documentation-korean
depend collection-documentation-mongolian
depend collection-documentation-polish
depend collection-documentation-portuguese
depend collection-documentation-russian
depend collection-documentation-slovenian
depend collection-documentation-spanish
depend collection-documentation-thai
depend collection-documentation-turkish
depend collection-documentation-ukrainian
depend collection-documentation-vietnamese
depend collection-fontsextra
depend collection-fontsrecommended
depend collection-fontutils
depend collection-formatsextra
depend collection-games
depend collection-genericextra
depend collection-genericrecommended
depend collection-htmlxml
depend collection-humanities
depend collection-langafrican
depend collection-langarabic
depend collection-langarmenian
depend collection-langcjk
depend collection-langcroatian
depend collection-langcyrillic
depend collection-langczechslovak
depend collection-langdanish
depend collection-langdutch
depend collection-langfinnish
depend collection-langfrench
depend collection-langgerman
depend collection-langgreek
depend collection-langhebrew
depend collection-langhungarian
depend collection-langindic
depend collection-langitalian
depend collection-langlatin
depend collection-langlatvian
depend collection-langlithuanian
depend collection-langmongolian
depend collection-langnorwegian
depend collection-langother
depend collection-langpolish
depend collection-langportuguese
depend collection-langspanish
depend collection-langswedish
depend collection-langtibetan
depend collection-langukenglish
depend collection-langvietnamese
depend collection-latex
depend collection-latex3
depend collection-latexextra
depend collection-latexrecommended
depend collection-luatex
depend collection-mathextra
depend collection-metapost
depend collection-music
depend collection-omega
depend collection-pictures
depend collection-plainextra
depend collection-pstricks
depend collection-publishers
depend collection-science
depend collection-texinfo
depend collection-texworks
depend collection-wintools
depend collection-xetex
depend collref
depend colorinfo
depend colorsep
depend colortbl
depend colorwav
depend combelow
depend combine
depend combinedgraphics
depend commath
depend comment
depend compactbib
depend complexity
depend components-of-TeX
depend comprehensive
depend computational-complexity
depend concmath
depend concprog
depend concrete
depend confproc
depend constants
depend context-account
depend context-algorithmic
depend context-bnf
depend context-chromato
depend context-construction-plan
depend context-degrade
depend context-fixme
depend context-french
depend context-games
depend context-gnuplot
depend context-letter
depend context-lettrine
depend context-lilypond
depend context-mathsets
depend context-notes-zh-cn
depend context-simplefonts
depend context-simpleslides
depend context-top-ten
depend context-typearea
depend context-typescripts
depend context-vim
depend contour
depend cooking
depend cookybooky
depend cool
depend coollist
depend coolstr
depend cooltooltips
depend coordsys
depend coronet
depend courier
depend courier-scaled
depend courseoutline
depend coursepaper
depend coverpage
depend covington
depend croatian
depend crop
depend crossreference
depend crossword
depend crosswrd
depend cryst
depend cs
depend csbulletin
depend csquotes
depend csvtools
depend ctable
depend ctex
depend ctex-faq
depend ctib
depend cuisine
depend currvita
depend cursolatex
depend cursor
depend curve
depend curve2e
depend curves
depend custom-bib
depend cv
depend cweb-latex
depend cyklop
depend cyrillic
depend cyrillic-bin.win32
depend cyrplain
depend dancers
depend dashbox
depend dashrule
depend dashundergaps
depend datatool
depend dateiliste
depend datenumber
depend datetime
depend dcpic
depend decimal
depend dehyph-exptl
depend delimtxt
depend diagmac2
depend diagnose
depend dialogl
depend dice
depend dichokey
depend dictsym
depend digiconfigs
depend din1505
depend dinat
depend dinbrief
depend dingbat
depend directory
depend dirtree
depend disser
depend dk-bib
depend dlfltxb
depend dnaseq
depend dnp
depend doc-pictex
depend docmfp
depend docmute
depend doi
depend doipubmed
depend dot2texi
depend dotarrow
depend dotseqn
depend dottex
depend doublestroke
depend dox
depend dozenal
depend dpfloat
depend dprogress
depend drac
depend draftcopy
depend draftwatermark
depend dramatist
depend dratex
depend drv
depend dtk
depend dtxgallery
depend dtxtut
depend duerer
depend duerer-latex
depend dvdcoll
depend dviincl
depend dvipdfmx-def
depend dvipsconfig
depend dyntree
depend eCards
depend ean
depend ean13isbn
depend easy
depend easylist
depend ebezier
depend ebsthesis
depend ec
depend ecc
depend ecclesiastic
depend ecltree
depend eco
depend economic
depend ecv
depend ed
depend edmac
depend edmargin
depend ednotes
depend eemeir
depend eepic
depend egameps
depend egplot
depend eiad
depend eiad-ltx
depend eijkhout
depend ellipsis
depend elmath
depend elpres
depend elsarticle
depend elsevier
depend elsevier-bib
depend eltex
depend elvish
depend em
depend emp
depend emptypage
depend emulateapj
depend enctex
depend encxvlna
depend endfloat
depend endheads
depend engpron
depend engrec
depend engtlc
depend enumitem
depend envbig
depend environ
depend envlab
depend epigrafica
depend epigraph
depend epiolmec
depend epsdice
depend epsf
depend epsincl
depend epslatex-fr
depend epspdfconversion
depend eqexam
depend eqlist
depend eqname
depend eqparbox
depend erdc
depend errata
depend es-tex-faq
depend esdiff
depend esint
depend esint-type1
depend eskd
depend eskdx
depend eso-pic
depend estcpmm
depend esvect
depend etaremune
depend etex-pkg
depend etextools
depend ethiop
depend ethiop-t1
depend etoolbox
depend euenc
depend eukdate
depend euler
depend eulervm
depend euproposal
depend euro
depend euro-ce
depend eurofont
depend europecv
depend eurosans
depend eurosym
depend euxm
depend everypage
depend exam
depend examdesign
depend examplep
depend exercise
depend exp-testopt
depend expdlist
depend expl3
depend export
depend expressg
depend extarrows
depend exteps
depend extpfeil
depend extract
depend extsizes
depend facsimile
depend faktor
depend fancybox
depend fancyhdr
depend fancyhdr-it
depend fancynum
depend fancyref
depend fancytooltips
depend fancyvrb
depend fbs
depend fc
depend featpost
depend fenixpar
depend feyn
depend feynmf
depend fge
depend figbas
depend figbib
depend figflow
depend figsize
depend filecontents
depend finbib
depend fink
depend first-latex-doc
depend firststeps
depend fixfoot
depend fixme
depend fixpdfmag
depend flabels
depend flacards
depend flagderiv
depend flashcards
depend flashmovie
depend flippdf
depend float
depend floatrow
depend flowfram
depend fltpage
depend fltpoint
depend fmp
depend fmtcount
depend fn2end
depend fnbreak
depend fncychap
depend foekfont
depend foilhtml
depend fonetika
depend font-change
depend fontch
depend fontspec
depend fonttable
depend fontwrap
depend footbib
depend footmisc
depend footnpag
depend forarray
depend forloop
depend formlett
depend formula
depend formular
depend fouridx
depend fourier
depend fouriernc
depend fp
depend fpl
depend fragments
depend frankenstein
depend frcursive
depend free-math-font-survey
depend frenchle
depend fribrief
depend frletter
depend frontespizio
depend ftnxtra
depend fullblck
depend fullpict
depend functan
depend fundus
depend g-brief
depend gaceta
depend galois
depend garamond
depend garrigues
depend garuda-c90
depend gastex
depend gatech-thesis
depend gauss
depend gb4e
depend gcard
depend gchords
depend gcite
depend gene-logic
depend genealogy
depend genmisc
depend genmpage
depend gentium
depend gentle
depend geometry
depend german
depend germbib
depend germkorr
depend getafm.win32
depend getfiledate
depend gfsartemisia
depend gfsbaskerville
depend gfsbodoni
depend gfscomplutum
depend gfsdidot
depend gfsneohellenic
depend gfsporson
depend gfssolomos
depend ginpenc
depend gloss
depend glyphlist
depend gmdoc
depend gmdoc-enhance
depend gmeometric
depend gmiflink
depend gmutils
depend gmverb
depend gmverse
depend gnu-freefont
depend gnuplottex
depend go
depend gost
depend gothic
depend graphics
depend graphics-pln
depend graphicx-psmin
depend greek-inputenc
depend greekdates
depend greektex
depend greenpoint
depend grfpaste
depend grid
depend gridset
depend groff
depend grotesq
depend grverb
depend gu
depend guide-to-latex
depend guitar
depend guitlogo
depend gustlib
depend gustprog
depend hands
depend hanging
depend har2nat
depend harmony
depend harpoon
depend harvard
depend harvardkyoto
depend harvmac
depend hatching
depend hc
depend helvetic
depend hep
depend hepnames
depend hepparticles
depend hepthesis
depend hepunits
depend here
depend hexgame
depend hfbright
depend hfoldsty
depend hhtensor
depend histogr
depend hitec
depend hpsdiss
depend hrlatex
depend hvfloat
depend hvindex
depend hypdvips
depend hyper
depend hyperref
depend hyperref-docsrc
depend hyperxmp
depend hyph-utf8
depend hyphen-arabic
depend hyphen-basque
depend hyphen-bulgarian
depend hyphen-catalan
depend hyphen-chinese
depend hyphen-croatian
depend hyphen-czech
depend hyphen-danish
depend hyphen-dutch
depend hyphen-esperanto
depend hyphen-estonian
depend hyphen-farsi
depend hyphen-finnish
depend hyphen-french
depend hyphen-galician
depend hyphen-icelandic
depend hyphen-indonesian
depend hyphen-interlingua
depend hyphen-irish
depend hyphen-italian
depend hyphen-kurmanji
depend hyphen-latin
depend hyphen-latvian
depend hyphen-lithuanian
depend hyphen-mongolian
depend hyphen-norwegian
depend hyphen-polish
depend hyphen-portuguese
depend hyphen-romanian
depend hyphen-russian
depend hyphen-sanskrit
depend hyphen-serbian
depend hyphen-slovak
depend hyphen-slovenian
depend hyphen-spanish
depend hyphen-swedish
depend hyphen-turkish
depend hyphen-ukenglish
depend hyphen-ukrainian
depend hyphen-uppersorbian
depend hyphen-welsh
depend hyphenat
depend hyphenex
depend hyplain
depend ibycus-babel
depend ibygrk
depend icsv
depend idxlayout
depend ieeepes
depend ifluatex
depend ifmslide
depend ifmtarg
depend ifplatform
depend ifsym
depend ifxetex
depend ijmart
depend ijqc
depend imac
depend image-gallery
depend impatient
depend impatient-fr
depend import
depend imtekda
depend inconsolata
depend index
depend initials
depend inlinebib
depend inlinedef
depend insbox
depend interactiveworkbook
depend intro-scientific
depend inversepath
depend ionumbers
depend iopart-num
depend iso
depend iso10303
depend isodate
depend isodoc
depend isomath
depend isonums
depend isorot
depend isotope
depend itnumpar
depend itrans
depend iwona
depend jablantile
depend jeopardy
depend jhep
depend jknapltx
depend jmn
depend jneurosci
depend jpsj
depend js-misc
depend junicode
depend jura
depend juraabbrev
depend jurabib
depend juramisc
depend jurarsp
depend kalender
depend karnaugh
depend kastrup
depend kerkis
depend kerntest
depend keycommand
depend keyreader
depend keystroke
depend kixfont
depend kluwer
depend knitting
depend knuth
depend knuthotherfonts
depend koma-script
depend kopka
depend kpfonts
depend kurier
depend l2picfaq
depend l2tabu
depend l2tabu-english
depend l2tabu-french
depend l2tabu-it
depend l2tabu-spanish
depend labbook
depend labelcas
depend labels
depend lambda
depend lastpage
depend latex
depend latex-course
depend latex-doc-ptr
depend latex-fonts
depend latex-graphics-companion
depend latex-notes-zh-cn
depend latex-tds
depend latex-tipps-und-tricks
depend latex-veryshortguide
depend latex-web-companion
depend latexcheat
depend latexcheat-esmx
depend latexcheat-ptbr
depend latexconfig
depend latexmp
depend layouts
depend lazylist
depend lcd
depend lcg
depend lcyw
depend leading
depend leaflet
depend ledmac
depend leftidx
depend lettre
depend lettrgth
depend lettrine
depend levy
depend lewis
depend lexikon
depend lfb
depend lgreek
depend lh
depend lhcyr
depend lhelp
depend libertine
depend libris
depend limap
depend linearA
depend lineno
depend linguex
depend lipsum
depend listbib
depend listings
depend listings-ext.win32
depend listliketab
depend listofsymbols
depend lithuanian
depend liturg
depend lkproof
depend lm
depend lmextra
depend localloc
depend logic
depend logical-markup-utils
depend logpap
depend lps
depend lsc
depend lshort-bulgarian
depend lshort-chinese
depend lshort-dutch
depend lshort-english
depend lshort-finnish
depend lshort-french
depend lshort-german
depend lshort-italian
depend lshort-japanese
depend lshort-korean
depend lshort-mongol
depend lshort-persian
depend lshort-polish
depend lshort-portuguese
depend lshort-russian
depend lshort-slovak
depend lshort-slovenian
depend lshort-spanish
depend lshort-thai
depend lshort-turkish
depend lshort-ukr
depend lshort-vietnamese
depend ltablex
depend ltabptch
depend ltxdockit
depend ltxindex
depend ltxmisc
depend ltxnew
depend luainputenc
depend luamplib
depend luaotfload
depend luatextra
depend lxfonts
depend ly1
depend macqassign
depend mafr
depend magyar
depend mailing
depend mailmerge
depend makebarcode
depend makebox
depend makecell
depend makecirc
depend makecmds
depend makedtx
depend makeglos
depend makeplot
depend malayalam
depend manfnt
depend manuscript
depend mapcodes
depend maple
depend margbib
depend marginnote
depend marigold
depend marvosym
depend math-into-latex
depend mathabx
depend mathcomp
depend mathdesign
depend mathdots
depend mathexam
depend mathmode
depend mathpazo
depend mathspec
depend mattens
depend maybemath
depend mcaption
depend mceinleger
depend mcite
depend mciteplus
depend mdwtools
depend memdesign
depend memexsupp
depend memoir
depend mentis
depend menu
depend metafont-beginners
depend metago
depend metalogo
depend metaobj
depend metaplot
depend metapost-examples
depend metatex
depend metauml
depend method
depend metre
depend mff
depend mflogo
depend mfnfss
depend mfpic
depend mfpic4ode
depend mftinc
depend mftoeps
depend mh
depend mhchem
depend mhequ
depend mhs
depend microtype
depend midnight
depend midpage
depend miller
depend minibox
depend minipage-marginpar
depend miniplot
depend minitoc
depend minted
depend minutes
depend misc
depend misc209
depend mkpattern
depend mla-paper
depend mlist
depend mmap
depend mnsymbol
depend moderncv
depend modref
depend modroman
depend mongolian-babel
depend montex
depend morefloats
depend moresize
depend moreverb
depend movie15
depend mp3d
depend mparhack
depend mpattern
depend mpman-ru
depend ms
depend msc
depend msg
depend mslapa
depend mtgreek
depend multenum
depend multi
depend multibbl
depend multibib
depend multicap
depend multido
depend multiobjective
depend multirow
depend munich
depend musictex
depend musixlyr
depend musixps
depend musixtex
depend muthesis
depend mwcls
depend mxd
depend mxedruli
depend nag
depend namespc
depend natbib
depend nath
depend nature
depend ncclatex
depend ncctools
depend ncntrsbk
depend nddiss
depend needspace
depend newfile
depend newlfm
depend newsletr
depend newspaper
depend newvbtm
depend nextpage
depend nfssext-cfr
depend niceframe
depend nicetext
depend nih
depend nkarta
depend noitcrul
depend nomencl
depend nomentbl
depend nonfloat
depend norasi-c90
depend nostarch
depend notes
depend notes2bib
depend nrc
depend ntabbing
depend ntgclass
depend ntheorem
depend ntheorem-vn
depend numname
depend numprint
depend oberdiek
depend objectz
depend ocherokee
depend ocr-latex
depend octavo
depend ofs
depend ogham
depend oinuit
depend oldstyle
depend omega
depend omega-devanagari
depend onlyamsmath
depend opcit
depend optima
depend ordinalpt
depend orkhun
depend osmanian
depend othello
depend otibet
depend outline
depend outliner
depend overpic
depend pacioli
depend pagecont
depend pagenote
depend pagerange
depend palatino
depend paper
depend papercdcase
depend papertex
depend paralist
depend parallel
depend paresse
depend parrun
depend passivetex
depend patch
depend patchcmd
depend patgen2-tutorial
depend pauldoc
depend pawpict
depend pb-diagram
depend pbox
depend pbsheet
depend pclnfss
depend pdf-forms-tutorial-de
depend pdf-forms-tutorial-en
depend pdf-trans
depend pdfcomment
depend pdfcprot
depend pdfmarginpar
depend pdfpages
depend pdfscreen
depend pdfslide
depend pdfsync
depend pdftex-def
depend pdftricks
depend pdfwin
depend pdfx
depend pecha
depend perception
depend permute
depend petiteannonce
depend petri-nets
depend pgf
depend pgf-soroban
depend pgfopts
depend pgfplots
depend phaistos
depend philex
depend philokalia
depend philosophersimprint
depend phonetic
depend photo
depend picinpar
depend pict2e
depend pictex
depend pictex2
depend piechartmp
depend pigpen
depend pinlabel
depend pittetd
depend pl
depend placeins
depend placeins-plain
depend plain
depend plain-doc
depend plari
depend plates
depend play
depend plnfss
depend plweb
depend pmgraph
depend pnas2009
depend poemscol
depend polski
depend polyglossia
depend polyglot
depend polynom
depend polynomial
depend polytable
depend popupmenu
depend postcards
depend powerdot
depend powerdot-FUBerlin
depend ppr-prv
depend pracjourn
depend preprint
depend prettyref
depend preview
depend printlen
depend proba
depend probsoln
depend procIAGssymp
depend program
depend progress
depend properties
depend prosper
depend protex
depend protocol
depend psafm
depend psbao
depend pseudocode
depend psfrag
depend psfrag-italian
depend psfragx
depend psgo
depend psizzl
depend pslatex
depend psnfss
depend pspicture
depend pst-2dplot
depend pst-3d
depend pst-3dplot
depend pst-abspos
depend pst-am
depend pst-asr
depend pst-bar
depend pst-barcode
depend pst-bezier
depend pst-blur
depend pst-bspline
depend pst-calendar
depend pst-circ
depend pst-coil
depend pst-cox
depend pst-dbicons
depend pst-diffraction
depend pst-eps
depend pst-eucl
depend pst-exa
depend pst-fill
depend pst-fr3d
depend pst-fractal
depend pst-fun
depend pst-func
depend pst-gantt
depend pst-geo
depend pst-ghsb
depend pst-gr3d
depend pst-grad
depend pst-infixplot
depend pst-jtree
depend pst-knot
depend pst-labo
depend pst-lens
depend pst-light3d
depend pst-math
depend pst-mirror
depend pst-ob3d
depend pst-optexp
depend pst-optic
depend pst-osci
depend pst-pad
depend pst-pdf
depend pst-pdgr
depend pst-platon
depend pst-poly
depend pst-qtree
depend pst-sigsys
depend pst-slpe
depend pst-solides3d
depend pst-soroban
depend pst-spectra
depend pst-stru
depend pst-support
depend pst-text
depend pst-thick
depend pst-tree
depend pst-uml
depend pst-vowel
depend pst-vue3d
depend pstool
depend pstricks
depend pstricks-add
depend pstricks-tutorial
depend psu-thesis
depend ptptex
depend punk
depend pxfonts
depend qcm
depend qobitree
depend qpxqtx
depend qstest
depend qsymbols
depend qtree
depend quotchap
depend quotmark
depend r_und_s
depend randbild
depend randtext
depend rangen
depend rccol
depend rcs
depend rcs-multi
depend rcsinfo
depend recipe
depend recipecard
depend rectopma
depend recycle
depend refcheck
depend refman
depend refstyle
depend regcount
depend register
depend relenc
depend relsize
depend repeatindex
depend resumemac
depend revtex
depend revtex4
depend rjlparshap
depend rlepsf
depend rmpage
depend robustcommand
depend robustindex
depend roex
depend romannum
depend rotating
depend rotfloat
depend rotpages
depend rsc
depend rsfs
depend rtkinenc
depend rtklage
depend ruhyphen
depend ryethesis
depend sageep
depend sagetex
depend sanskrit
depend sauerj
depend sauter
depend sauterfonts
depend savefnmark
depend savesym
depend savetrees
depend scale
depend scalebar
depend schemabloc
depend scheme-basic
depend scheme-context
depend scheme-full
depend scheme-gust
depend scheme-gutenberg
depend scheme-medium
depend scheme-minimal
depend scheme-omega
depend scheme-tetex
depend scheme-xml
depend scientificpaper
depend sciposter
depend sciwordconv
depend screenplay
depend script
depend sdrt
depend sectionbox
depend sectsty
depend selectp
depend semantic
depend semaphor
depend seminar
depend semioneside
depend seqsplit
depend setspace
depend sf298
depend sffms
depend sfg
depend sfheaders
depend sfmath
depend sgame
depend shadbox
depend shade
depend shadethm
depend shapepar
depend shipunov
depend shorttoc
depend show2e
depend showdim
depend showexpl
depend showlabels
depend shuffle
depend sidecap
depend sides
depend siggraph
depend silence
depend simplecv
depend simplewick
depend simpsons
depend siunitx
depend skak
depend skaknew
depend skull
depend slantsc
depend slashbox
depend slideshow
depend smalltableof
depend smartref
depend snapshot
depend songbook
depend sort-by-letters
depend soton
depend soul
depend soyombo
depend spanish
depend spanish-mx
depend sparklines
depend spie
depend splines
depend splitbib
depend spotcolor
depend spreadtab
depend sprite
depend spverbatim
depend srcltx
depend sseq
depend ssqquote
depend stack
depend stage
depend startex
depend statex2
depend statistik
depend staves
depend stdclsdv
depend stdpage
depend steinmetz
depend stellenbosch
depend stex
depend stmaryrd
depend stringstrings
depend struktex
depend sttools
depend stubs
depend suanpan
depend subdepth
depend subeqn
depend subeqnarray
depend subfig
depend subfigure
depend subfloat
depend substr
depend subsupscripts
depend sudoku
depend sudokubundle
depend sugconf
depend supertabular
depend supp-pdf
depend susy
depend svgcolor
depend svn
depend svn-prov
depend svninfo
depend swebib
depend swimgraf
depend syllogism
depend symbol
depend synproof
depend syntax
depend syntrace
depend synttree
depend t-angles
depend t2
depend tableaux
depend tablenotes
depend tablists
depend tablor
depend tabls
depend tabto-generic
depend tabto-ltx
depend tabularcalc
depend tabularew
depend tabulary
depend tabvar
depend talk
depend tamethebeast
depend tap
depend tapir
depend taupin
depend tcdialog.win32
depend tcldoc
depend tdclock
depend tds
depend tdsfrmath
depend technics
depend ted
depend templates-fenn
depend templates-sommer
depend tengwarscript
depend tensor
depend termcal
depend termlist
depend teubner
depend tex-ewd
depend tex-gyre
depend tex-label
depend tex-ps
depend tex-refs
depend tex-virtual-academy-pl
depend texbytopic
depend texconfig.win32
depend texilikechaps
depend texilikecover
depend texinfo
depend texlogos
depend texmate
depend texments
depend texpower
depend texshade
depend textcase
depend textfit
depend textmerg
depend textopo
depend textpath
depend textpos
depend thailatex
depend theoremref
depend thesis-titlepage-fhac
depend thinsp
depend thmbox
depend thmtools
depend threeparttablex
depend thumb
depend thumby
depend thuthesis
depend ticket
depend tikz-3dplot
depend tikz-inet
depend tikz-qtree
depend tikz-timing
depend times
depend timesht
depend timesnew
depend timetable
depend timing
depend tipa
depend titlefoot
depend titlepages
depend titlepic
depend titlesec
depend titling
depend tkz-doc
depend tkz-linknodes
depend tkz-tab
depend tlc2
depend tocbibind
depend tocloft
depend tocvsec2
depend todo
depend todonotes
depend tokenizer
depend toolbox
depend tools
depend topfloat
depend toptesi
depend totcount
depend totpages
depend tpic2pdftex.win32
depend tpslifonts
depend tracking
depend trajan
depend translator
depend tree-dvips
depend treetex
depend trfsigns
depend trimspaces
depend trivfloat
depend trsym
depend tufte-latex
depend tugboat
depend tugboat-plain
depend turnstile
depend twoup
depend txfonts
depend txfontsb
depend type1cm
depend typedref
depend typespec
depend typogrid
depend uaclasses
depend ucdavisthesis
depend ucs
depend ucthesis
depend uebungsblatt
depend uhc
depend uhrzeit
depend uiucthesis
depend ukrhyph
depend ulsy
depend umich-thesis
depend uml
depend umlaute
depend umoline
depend umthesis
depend umtypewriter
depend underlin
depend undertilde
depend units
depend unitsdef
depend univers
depend universa
depend unroman
depend upmethodology
depend upquote
depend urlbst
depend ushort
depend ut-thesis
depend utf8mex
depend utopia
depend uwthesis
depend vancouver
depend variations
depend varindex
depend varisize
depend varsfromjobname
depend varwidth
depend vaucanson-g
depend vector
depend velthuis
depend venn
depend venturisadf
depend verbatimbox
depend verbatimcopy
depend verse
depend version
depend versions
depend vertbars
depend vhistory
depend visualfaq
depend vita
depend vmargin
depend vntex
depend volumes
depend voss-de
depend vrb
depend vrsion
depend vtex
depend vwcol
depend vxu
depend wadalab
depend wallpaper
depend warning
depend warpcol
depend was
depend wasy
depend wasysym
depend webguide
depend widetable
depend williams
depend wnri
depend wordlike
depend wrapfig
depend wsuipa
depend xargs
depend xbmc
depend xcolor
depend xdoc
depend xdvi.win32
depend xecjk
depend xecolour
depend xeindex
depend xepersian
depend xesearch
depend xetex-def
depend xetex-itrans
depend xetex-pstricks
depend xetexconfig
depend xetexfontinfo
depend xetexref
depend xfor
depend xgreek
depend xifthen
depend xkeyval
depend xlop
depend xltxtra
depend xmlplay
depend xmpincl
depend xnewcommand
depend xoptarg
depend xpackages
depend xq
depend xskak
depend xstring
depend xtab
depend xtcapts
depend xunicode
depend xwatermark
depend xyling
depend xypic
depend xypic-tut-pt
depend xytree
depend yafoot
depend yagusylo
depend yannisgr
depend yfonts
depend yhmath
depend york-thesis
depend youngtab
depend yplan
depend ytex
depend zapfchan
depend zapfding
depend zed-csp
depend zefonts
depend zhmetrics
depend zhspacing
depend ziffer
depend zwgetfdate
depend zwpagelayout
