depend a2ping
depend a2ping.win32
depend accfonts
depend accfonts.win32
depend afm2pl
depend afm2pl.win32
depend aleph
depend aleph.win32
depend amstex
depend amstex.win32
depend asymptote
depend asymptote.win32
depend bibexport
depend bibtex
depend bibtex.win32
depend bibtex8
depend bibtex8.win32
depend cachepic
depend cachepic.win32
depend cjkutils
depend cjkutils.win32
depend context
depend context.win32
depend cslatex
depend cslatex.win32
depend csplain
depend csplain.win32
depend ctie
depend ctie.win32
depend cweb
depend cweb.win32
depend cyrillic-bin
depend detex
depend detex.win32
depend devnag
depend devnag.win32
depend dtl
depend dtl.win32
depend dvi2tty
depend dvi2tty.win32
depend dviasm
depend dviasm.win32
depend dvicopy
depend dvicopy.win32
depend dvidvi
depend dvidvi.win32
depend dviljk
depend dviljk.win32
depend dviout.win32
depend dvipdfm
depend dvipdfm.win32
depend dvipdfmx
depend dvipdfmx.win32
depend dvipng
depend dvipng.win32
depend dvipos
depend dvipos.win32
depend dvips
depend dvips.win32
depend ebong
depend ebong.win32
depend eplain
depend eplain.win32
depend epspdf
depend epspdf.win32
depend epstopdf
depend epstopdf.win32
depend etex
depend fig4latex
depend fig4latex.win32
depend findhyph
depend findhyph.win32
depend fontinst
depend fontinst.win32
depend fontname
depend fontools
depend fontools.win32
depend fontware
depend fontware.win32
depend fragmaster
depend fragmaster.win32
depend getafm
depend glossaries
depend glossaries.win32
depend gsftopk
depend gsftopk.win32
depend hyphen-ancientgreek
depend hyphen-base
depend hyphen-coptic
depend hyphen-german
depend hyphen-greek
depend hyphen-hungarian
depend jadetex
depend jadetex.win32
depend kpathsea
depend kpathsea.win32
depend lacheck
depend lacheck.win32
depend latex-bin
depend latex-bin.win32
depend latex2e-help-texinfo
depend latex2man
depend latex2man.win32
depend latexdiff
depend latexdiff.win32
depend latexmk
depend latexmk.win32
depend lcdftypetools
depend lcdftypetools.win32
depend listings-ext
depend luatex
depend luatex.win32
depend makeindex
depend makeindex.win32
depend metafont
depend metafont.win32
depend metapost
depend metapost.win32
depend mex
depend mex.win32
depend mfware
depend mfware.win32
depend mkgrkindex
depend mkgrkindex.win32
depend mkjobtexmf
depend mkjobtexmf.win32
depend mltex
depend mltex.win32
depend musixflx
depend musixflx.win32
depend omegaware
depend omegaware.win32
depend patgen
depend patgen.win32
depend pax
depend pax.win32
depend pdfcrop
depend pdfcrop.win32
depend pdftex
depend pdftex.win32
depend pdftools
depend pdftools.win32
depend perltex
depend perltex.win32
depend physe
depend physe.win32
depend phyzzx
depend phyzzx.win32
depend pkfix
depend pkfix-helper
depend pkfix-helper.win32
depend pkfix.win32
depend ppower4
depend ppower4.win32
depend ps2pkm
depend ps2pkm.win32
depend pst2pdf
depend pst2pdf.win32
depend pstools
depend pstools.win32
depend psutils
depend psutils.win32
depend purifyeps
depend purifyeps.win32
depend seetexk
depend seetexk.win32
depend splitindex
depend splitindex.win32
depend svn-multi
depend svn-multi.win32
depend synctex
depend synctex.win32
depend t1utils
depend t1utils.win32
depend tcdialog
depend tetex
depend tetex.win32
depend tex
depend tex.win32
depend tex4ht
depend tex4ht.win32
depend texconfig
depend texcount
depend texcount.win32
depend texdiff
depend texdiff.win32
depend texdirflatten
depend texdirflatten.win32
depend texdoc
depend texdoc.win32
depend texdraw
depend texlive-common
depend texlive-cz
depend texlive-de
depend texlive-en
depend texlive-fr
depend texlive-it
depend texlive-msg-translations
depend texlive-pl
depend texlive-ru
depend texlive-scripts
depend texlive-scripts.win32
depend texlive-zh-cn
depend texlive.infra
depend texlive.infra.win32
depend texloganalyser
depend texloganalyser.win32
depend texsis
depend texsis.win32
depend texware
depend texware.win32
depend texworks
depend texworks.win32
depend thumbpdf
depend thumbpdf.win32
depend tie
depend tie.win32
depend tlgs.win32
depend tlperl.win32
depend tlpsv.win32
depend tpic2pdftex
depend ttfutils
depend ttfutils.win32
depend ulqda
depend ulqda.win32
depend vlna
depend vlna.win32
depend vpe
depend vpe.win32
depend web
depend web.win32
depend wintools.win32
depend xdvi
depend xecyr
depend xecyr.win32
depend xetex
depend xetex.win32
depend xindy
depend xindy.win32
depend xmltex
depend xmltex.win32
